Archive member included to satisfy reference by file (symbol)

C:/ST/STM32CubeIDE_1.15.0/STM32CubeIDE/plugins/com.st.stm32cube.ide.mcu.externaltools.gnu-tools-for-stm32.12.3.rel1.win32_1.0.100.202403111256/tools/bin/../lib/gcc/arm-none-eabi/12.3.1/../../../../arm-none-eabi/lib/thumb/v7-m/nofp\libc_nano.a(libc_a-exit.o)
                              C:/ST/STM32CubeIDE_1.15.0/STM32CubeIDE/plugins/com.st.stm32cube.ide.mcu.externaltools.gnu-tools-for-stm32.12.3.rel1.win32_1.0.100.202403111256/tools/bin/../lib/gcc/arm-none-eabi/12.3.1/../../../../arm-none-eabi/lib/thumb/v7-m/nofp/crt0.o (exit)
C:/ST/STM32CubeIDE_1.15.0/STM32CubeIDE/plugins/com.st.stm32cube.ide.mcu.externaltools.gnu-tools-for-stm32.12.3.rel1.win32_1.0.100.202403111256/tools/bin/../lib/gcc/arm-none-eabi/12.3.1/../../../../arm-none-eabi/lib/thumb/v7-m/nofp\libc_nano.a(libc_a-nano-vfprintf_float.o)
                              (_printf_float)
C:/ST/STM32CubeIDE_1.15.0/STM32CubeIDE/plugins/com.st.stm32cube.ide.mcu.externaltools.gnu-tools-for-stm32.12.3.rel1.win32_1.0.100.202403111256/tools/bin/../lib/gcc/arm-none-eabi/12.3.1/../../../../arm-none-eabi/lib/thumb/v7-m/nofp\libc_nano.a(libc_a-nano-vfprintf_i.o)
                              C:/ST/STM32CubeIDE_1.15.0/STM32CubeIDE/plugins/com.st.stm32cube.ide.mcu.externaltools.gnu-tools-for-stm32.12.3.rel1.win32_1.0.100.202403111256/tools/bin/../lib/gcc/arm-none-eabi/12.3.1/../../../../arm-none-eabi/lib/thumb/v7-m/nofp\libc_nano.a(libc_a-nano-vfprintf_float.o) (_printf_common)
C:/ST/STM32CubeIDE_1.15.0/STM32CubeIDE/plugins/com.st.stm32cube.ide.mcu.externaltools.gnu-tools-for-stm32.12.3.rel1.win32_1.0.100.202403111256/tools/bin/../lib/gcc/arm-none-eabi/12.3.1/../../../../arm-none-eabi/lib/thumb/v7-m/nofp\libc_nano.a(libc_a-findfp.o)
                              C:/ST/STM32CubeIDE_1.15.0/STM32CubeIDE/plugins/com.st.stm32cube.ide.mcu.externaltools.gnu-tools-for-stm32.12.3.rel1.win32_1.0.100.202403111256/tools/bin/../lib/gcc/arm-none-eabi/12.3.1/../../../../arm-none-eabi/lib/thumb/v7-m/nofp\libc_nano.a(libc_a-exit.o) (__stdio_exit_handler)
C:/ST/STM32CubeIDE_1.15.0/STM32CubeIDE/plugins/com.st.stm32cube.ide.mcu.externaltools.gnu-tools-for-stm32.12.3.rel1.win32_1.0.100.202403111256/tools/bin/../lib/gcc/arm-none-eabi/12.3.1/../../../../arm-none-eabi/lib/thumb/v7-m/nofp\libc_nano.a(libc_a-fwalk.o)
                              C:/ST/STM32CubeIDE_1.15.0/STM32CubeIDE/plugins/com.st.stm32cube.ide.mcu.externaltools.gnu-tools-for-stm32.12.3.rel1.win32_1.0.100.202403111256/tools/bin/../lib/gcc/arm-none-eabi/12.3.1/../../../../arm-none-eabi/lib/thumb/v7-m/nofp\libc_nano.a(libc_a-findfp.o) (_fwalk_sglue)
C:/ST/STM32CubeIDE_1.15.0/STM32CubeIDE/plugins/com.st.stm32cube.ide.mcu.externaltools.gnu-tools-for-stm32.12.3.rel1.win32_1.0.100.202403111256/tools/bin/../lib/gcc/arm-none-eabi/12.3.1/../../../../arm-none-eabi/lib/thumb/v7-m/nofp\libc_nano.a(libc_a-printf.o)
                              ./Core/Src/main.o (printf)
C:/ST/STM32CubeIDE_1.15.0/STM32CubeIDE/plugins/com.st.stm32cube.ide.mcu.externaltools.gnu-tools-for-stm32.12.3.rel1.win32_1.0.100.202403111256/tools/bin/../lib/gcc/arm-none-eabi/12.3.1/../../../../arm-none-eabi/lib/thumb/v7-m/nofp\libc_nano.a(libc_a-puts.o)
                              ./Core/Src/main.o (puts)
C:/ST/STM32CubeIDE_1.15.0/STM32CubeIDE/plugins/com.st.stm32cube.ide.mcu.externaltools.gnu-tools-for-stm32.12.3.rel1.win32_1.0.100.202403111256/tools/bin/../lib/gcc/arm-none-eabi/12.3.1/../../../../arm-none-eabi/lib/thumb/v7-m/nofp\libc_nano.a(libc_a-snprintf.o)
                              ./Core/Src/stm32l1xx_it.o (snprintf)
C:/ST/STM32CubeIDE_1.15.0/STM32CubeIDE/plugins/com.st.stm32cube.ide.mcu.externaltools.gnu-tools-for-stm32.12.3.rel1.win32_1.0.100.202403111256/tools/bin/../lib/gcc/arm-none-eabi/12.3.1/../../../../arm-none-eabi/lib/thumb/v7-m/nofp\libc_nano.a(libc_a-stdio.o)
                              C:/ST/STM32CubeIDE_1.15.0/STM32CubeIDE/plugins/com.st.stm32cube.ide.mcu.externaltools.gnu-tools-for-stm32.12.3.rel1.win32_1.0.100.202403111256/tools/bin/../lib/gcc/arm-none-eabi/12.3.1/../../../../arm-none-eabi/lib/thumb/v7-m/nofp\libc_nano.a(libc_a-findfp.o) (__sread)
C:/ST/STM32CubeIDE_1.15.0/STM32CubeIDE/plugins/com.st.stm32cube.ide.mcu.externaltools.gnu-tools-for-stm32.12.3.rel1.win32_1.0.100.202403111256/tools/bin/../lib/gcc/arm-none-eabi/12.3.1/../../../../arm-none-eabi/lib/thumb/v7-m/nofp\libc_nano.a(libc_a-wbuf.o)
                              C:/ST/STM32CubeIDE_1.15.0/STM32CubeIDE/plugins/com.st.stm32cube.ide.mcu.externaltools.gnu-tools-for-stm32.12.3.rel1.win32_1.0.100.202403111256/tools/bin/../lib/gcc/arm-none-eabi/12.3.1/../../../../arm-none-eabi/lib/thumb/v7-m/nofp\libc_nano.a(libc_a-puts.o) (__swbuf_r)
C:/ST/STM32CubeIDE_1.15.0/STM32CubeIDE/plugins/com.st.stm32cube.ide.mcu.externaltools.gnu-tools-for-stm32.12.3.rel1.win32_1.0.100.202403111256/tools/bin/../lib/gcc/arm-none-eabi/12.3.1/../../../../arm-none-eabi/lib/thumb/v7-m/nofp\libc_nano.a(libc_a-wsetup.o)
[...]
Memory Configuration

Name             Origin             Length             Attributes
RAM              0x20000000         0x00014000         xrw
FLASH            0x08000000         0x00080000         xr
*default*        0x00000000         0xffffffff

Linker script and memory map

LOAD C:/ST/STM32CubeIDE_1.15.0/STM32CubeIDE/plugins/com.st.stm32cube.ide.mcu.externaltools.gnu-tools-for-stm32.12.3.rel1.win32_1.0.100.202403111256/tools/bin/../lib/gcc/arm-none-eabi/12.3.1/thumb/v7-m/nofp/crti.o
LOAD C:/ST/STM32CubeIDE_1.15.0/STM32CubeIDE/plugins/com.st.stm32cube.ide.mcu.externaltools.gnu-tools-for-stm32.12.3.rel1.win32_1.0.100.202403111256/tools/bin/../lib/gcc/arm-none-eabi/12.3.1/thumb/v7-m/nofp/crtbegin.o
LOAD C:/ST/STM32CubeIDE_1.15.0/STM32CubeIDE/plugins/com.st.stm32cube.ide.mcu.externaltools.gnu-tools-for-stm32.12.3.rel1.win32_1.0.100.202403111256/tools/bin/../lib/gcc/arm-none-eabi/12.3.1/../../../../arm-none-eabi/lib/thumb/v7-m/nofp/crt0.o
LOAD ./Core/Src/main.o
LOAD ./Core/Src/stm32l1xx_hal_msp.o
LOAD ./Core/Src/stm32l1xx_it.o
LOAD ./Core/Src/stm32l1xx_nucleo_bus.o
LOAD ./Core/Src/syscalls.o
LOAD ./Core/Src/sysmem.o
LOAD ./Core/Src/system_stm32l1xx.o
LOAD ./Core/Startup/startup_stm32l152retx.o
LOAD ./Drivers/BSP/Components/hts221/hts221.o
LOAD ./Drivers/BSP/Components/hts221/hts221_reg.o
LOAD ./Drivers/BSP/Components/lis2dw12/lis2dw12.o
LOAD ./Drivers/BSP/Components/lis2dw12/lis2dw12_reg.o
LOAD ./Drivers/BSP/Components/lis2mdl/lis2mdl.o
LOAD ./Drivers/BSP/Components/lis2mdl/lis2mdl_reg.o
LOAD ./Drivers/BSP/Components/lps22hh/lps22hh.o
LOAD ./Drivers/BSP/Components/lps22hh/lps22hh_reg.o
LOAD ./Drivers/BSP/Components/lsm6dso/lsm6dso.o
LOAD ./Drivers/BSP/Components/lsm6dso/lsm6dso_reg.o
LOAD ./Drivers/BSP/Components/stts751/stts751.o
LOAD ./Drivers/BSP/Components/stts751/stts751_reg.o
LOAD ./Drivers/BSP/IKS01A3/iks01a3_env_sensors.o
LOAD ./Drivers/BSP/IKS01A3/iks01a3_env_sensors_ex.o
LOAD ./Drivers/BSP/IKS01A3/iks01a3_motion_sensors.o
LOAD ./Drivers/BSP/IKS01A3/iks01a3_motion_sensors_ex.o
LOAD ./Drivers/STM32L1xx_HAL_Driver/Src/stm32l1xx_hal.o
LOAD ./Drivers/STM32L1xx_HAL_Driver/Src/stm32l1xx_hal_adc.o
LOAD ./Drivers/STM32L1xx_HAL_Driver/Src/stm32l1xx_hal_adc_ex.o
LOAD ./Drivers/STM32L1xx_HAL_Driver/Src/stm32l1xx_hal_cortex.o
LOAD ./Drivers/STM32L1xx_HAL_Driver/Src/stm32l1xx_hal_dma.o
LOAD ./Drivers/STM32L1xx_HAL_Driver/Src/stm32l1xx_hal_exti.o
LOAD ./Drivers/STM32L1xx_HAL_Driver/Src/stm32l1xx_hal_flash.o
LOAD ./Drivers/STM32L1xx_HAL_Driver/Src/stm32l1xx_hal_flash_ex.o
LOAD ./Drivers/STM32L1xx_HAL_Driver/Src/stm32l1xx_hal_flash_ramfunc.o
LOAD ./Drivers/STM32L1xx_HAL_Driver/Src/stm32l1xx_hal_gpio.o
LOAD ./Drivers/STM32L1xx_HAL_Driver/Src/stm32l1xx_hal_i2c.o
LOAD ./Drivers/STM32L1xx_HAL_Driver/Src/stm32l1xx_hal_pwr.o
LOAD ./Drivers/STM32L1xx_HAL_Driver/Src/stm32l1xx_hal_pwr_ex.o
LOAD ./Drivers/STM32L1xx_HAL_Driver/Src/stm32l1xx_hal_rcc.o
LOAD ./Drivers/STM32L1xx_HAL_Driver/Src/stm32l1xx_hal_rcc_ex.o
LOAD ./Drivers/STM32L1xx_HAL_Driver/Src/stm32l1xx_hal_spi.o
LOAD ./Drivers/STM32L1xx_HAL_Driver/Src/stm32l1xx_hal_tim.o
LOAD ./Drivers/STM32L1xx_HAL_Driver/Src/stm32l1xx_hal_tim_ex.o
LOAD ./Drivers/STM32L1xx_HAL_Driver/Src/stm32l1xx_hal_uart.o
LOAD ./Drivers/display/max7219_Yncrea2.o
START GROUP
LOAD C:/ST/STM32CubeIDE_1.15.0/STM32CubeIDE/plugins/com.st.stm32cube.ide.mcu.externaltools.gnu-tools-for-stm32.12.3.rel1.win32_1.0.100.202403111256/tools/bin/../lib/gcc/arm-none-eabi/12.3.1/../../../../arm-none-eabi/lib/thumb/v7-m/nofp\libc_nano.a
LOAD C:/ST/STM32CubeIDE_1.15.0/STM32CubeIDE/plugins/com.st.stm32cube.ide.mcu.externaltools.gnu-tools-for-stm32.12.3.rel1.win32_1.0.100.202403111256/tools/bin/../lib/gcc/arm-none-eabi/12.3.1/../../../../arm-none-eabi/lib/thumb/v7-m/nofp\libm.a
END GROUP
START GROUP
LOAD C:/ST/STM32CubeIDE_1.15.0/STM32CubeIDE/plugins/com.st.stm32cube.ide.mcu.externaltools.gnu-tools-for-stm32.12.3.rel1.win32_1.0.100.202403111256/tools/bin/../lib/gcc/arm-none-eabi/12.3.1/thumb/v7-m/nofp\libgcc.a
LOAD C:/ST/STM32CubeIDE_1.15.0/STM32CubeIDE/plugins/com.st.stm32cube.ide.mcu.externaltools.gnu-tools-for-stm32.12.3.rel1.win32_1.0.100.202403111256/tools/bin/../lib/gcc/arm-none-eabi/12.3.1/../../../../arm-none-eabi/lib/thumb/v7-m/nofp\libc_nano.a
END GROUP
START GROUP
LOAD C:/ST/STM32CubeIDE_1.15.0/STM32CubeIDE/plugins/com.st.stm32cube.ide.mcu.externaltools.gnu-tools-for-stm32.12.3.rel1.win32_1.0.100.202403111256/tools/bin/../lib/gcc/arm-none-eabi/12.3.1/thumb/v7-m/nofp\libgcc.a
LOAD C:/ST/STM32CubeIDE_1.15.0/STM32CubeIDE/plugins/com.st.stm32cube.ide.mcu.externaltools.gnu-tools-for-stm32.12.3.rel1.win32_1.0.100.202403111256/tools/bin/../lib/gcc/arm-none-eabi/12.3.1/../../../../arm-none-eabi/lib/thumb/v7-m/nofp\libc_nano.a
LOAD C:/ST/STM32CubeIDE_1.15.0/STM32CubeIDE/plugins/com.st.stm32cube.ide.mcu.externaltools.gnu-tools-for-stm32.12.3.rel1.win32_1.0.100.202403111256/tools/bin/../lib/gcc/arm-none-eabi/12.3.1/../../../../arm-none-eabi/lib/thumb/v7-m/nofp\libnosys.a
END GROUP
START GROUP
LOAD C:/ST/STM32CubeIDE_1.15.0/STM32CubeIDE/plugins/com.st.stm32cube.ide.mcu.externaltools.gnu-tools-for-stm32.12.3.rel1.win32_1.0.100.202403111256/tools/bin/../lib/gcc/arm-none-eabi/12.3.1/thumb/v7-m/nofp\libgcc.a
LOAD C:/ST/STM32CubeIDE_1.15.0/STM32CubeIDE/plugins/com.st.stm32cube.ide.mcu.externaltools.gnu-tools-for-stm32.12.3.rel1.win32_1.0.100.202403111256/tools/bin/../lib/gcc/arm-none-eabi/12.3.1/../../../../arm-none-eabi/lib/thumb/v7-m/nofp\libc_nano.a
LOAD C:/ST/STM32CubeIDE_1.15.0/STM32CubeIDE/plugins/com.st.stm32cube.ide.mcu.externaltools.gnu-tools-for-stm32.12.3.rel1.win32_1.0.100.202403111256/tools/bin/../lib/gcc/arm-none-eabi/12.3.1/../../../../arm-none-eabi/lib/thumb/v7-m/nofp\libnosys.a
END GROUP
LOAD C:/ST/STM32CubeIDE_1.15.0/STM32CubeIDE/plugins/com.st.stm32cube.ide.mcu.externaltools.gnu-tools-for-stm32.12.3.rel1.win32_1.0.100.202403111256/tools/bin/../lib/gcc/arm-none-eabi/12.3.1/thumb/v7-m/nofp/crtend.o
LOAD C:/ST/STM32CubeIDE_1.15.0/STM32CubeIDE/plugins/com.st.stm32cube.ide.mcu.externaltools.gnu-tools-for-stm32.12.3.rel1.win32_1.0.100.202403111256/tools/bin/../lib/gcc/arm-none-eabi/12.3.1/thumb/v7-m/nofp/crtn.o
                0x20014000                        _estack = (ORIGIN (RAM) + LENGTH (RAM))
                0x00000200                        _Min_Heap_Size = 0x200
                0x00000400                        _Min_Stack_Size = 0x400

.isr_vector     0x08000000      0x13c
                0x08000000                        . = ALIGN (0x4)
 *(.isr_vector)
 .isr_vector    0x08000000      0x13c ./Core/Startup/startup_stm32l152retx.o
                0x08000000                g_pfnVectors
                0x0800013c                        . = ALIGN (0x4)

.text           0x08000140     0xcba0
                0x08000140                        . = ALIGN (0x4)
 *(.text)
 .text          0x08000140       0x40 C:/ST/STM32CubeIDE_1.15.0/STM32CubeIDE/plugins/com.st.stm32cube.ide.mcu.externaltools.gnu-tools-for-stm32.12.3.rel1.win32_1.0.100.202403111256/tools/bin/../lib/gcc/arm-none-eabi/12.3.1/thumb/v7-m/nofp/crtbegin.o
 .text          0x08000180       0x10 C:/ST/STM32CubeIDE_1.15.0/STM32CubeIDE/plugins/com.st.stm32cube.ide.mcu.externaltools.gnu-tools-for-stm32.12.3.rel1.win32_1.0.100.202403111256/tools/bin/../lib/gcc/arm-none-eabi/12.3.1/../../../../arm-none-eabi/lib/thumb/v7-m/nofp\libc_nano.a(libc_a-strlen.o)
                0x08000180                strlen
 .text          0x08000190      0x378 C:/ST/STM32CubeIDE_1.15.0/STM32CubeIDE/plugins/com.st.stm32cube.ide.mcu.externaltools.gnu-tools-for-stm32.12.3.rel1.win32_1.0.100.202403111256/tools/bin/../lib/gcc/arm-none-eabi/12.3.1/thumb/v7-m/nofp\libgcc.a(_arm_addsubdf3.o)
                0x08000190                __aeabi_drsub
                0x08000198                __aeabi_dsub
                0x08000198                __subdf3
                0x0800019c                __aeabi_dadd
                0x0800019c                __adddf3
                0x08000414                __floatunsidf
                0x08000414                __aeabi_ui2d
                0x08000434                __floatsidf
                0x08000434                __aeabi_i2d
                0x08000458                __aeabi_f2d
                0x08000458                __extendsfdf2
                0x0800049c                __floatundidf
                0x0800049c                __aeabi_ul2d
                0x080004ac                __floatdidf
                0x080004ac                __aeabi_l2d
 .text          0x08000508      0x424 C:/ST/STM32CubeIDE_1.15.0/STM32CubeIDE/plugins/com.st.stm32cube.ide.mcu.externaltools.gnu-tools-for-stm32.12.3.rel1.win32_1.0.100.202403111256/tools/bin/../lib/gcc/arm-none-eabi/12.3.1/thumb/v7-m/nofp\libgcc.a(_arm_muldivdf3.o)
                0x08000508                __aeabi_dmul
                0x08000508                __muldf3
                0x0800075c                __divdf3
                0x0800075c                __aeabi_ddiv
 .text          0x0800092c      0x110 C:/ST/STM32CubeIDE_1.15.0/STM32CubeIDE/plugins/com.st.stm32cube.ide.mcu.externaltools.gnu-tools-for-stm32.12.3.rel1.win32_1.0.100.202403111256/tools/bin/../lib/gcc/arm-none-eabi/12.3.1/thumb/v7-m/nofp\libgcc.a(_arm_cmpdf2.o)
                0x0800092c                __gtdf2
                0x0800092c                __gedf2
                0x08000934                __ltdf2
                0x08000934                __ledf2
                0x0800093c                __nedf2
                0x0800093c                __eqdf2
                0x0800093c                __cmpdf2
                0x080009b8                __aeabi_cdrcmple
                0x080009c8                __aeabi_cdcmpeq
                0x080009c8                __aeabi_cdcmple
                0x080009d8                __aeabi_dcmpeq
                0x080009ec                __aeabi_dcmplt
                0x08000a00                __aeabi_dcmple
                0x08000a14                __aeabi_dcmpge
                0x08000a28                __aeabi_dcmpgt
 .text          0x08000a3c       0x2c C:/ST/STM32CubeIDE_1.15.0/STM32CubeIDE/plugins/com.st.stm32cube.ide.mcu.externaltools.gnu-tools-for-stm32.12.3.rel1.win32_1.0.100.202403111256/tools/bin/../lib/gcc/arm-none-eabi/12.3.1/thumb/v7-m/nofp\libgcc.a(_arm_unorddf2.o)
                0x08000a3c                __unorddf2
                0x08000a3c                __aeabi_dcmpun
 .text          0x08000a68       0x50 C:/ST/STM32CubeIDE_1.15.0/STM32CubeIDE/plugins/com.st.stm32cube.ide.mcu.externaltools.gnu-tools-for-stm32.12.3.rel1.win32_1.0.100.202403111256/tools/bin/../lib/gcc/arm-none-eabi/12.3.1/thumb/v7-m/nofp\libgcc.a(_arm_fixdfsi.o)
                0x08000a68                __aeabi_d2iz
                0x08000a68                __fixdfsi
 .text          0x08000ab8       0xa0 C:/ST/STM32CubeIDE_1.15.0/STM32CubeIDE/plugins/com.st.stm32cube.ide.mcu.externaltools.gnu-tools-for-stm32.12.3.rel1.win32_1.0.100.202403111256/tools/bin/../lib/gcc/arm-none-eabi/12.3.1/thumb/v7-m/nofp\libgcc.a(_arm_truncdfsf2.o)
                0x08000ab8                __truncdfsf2
                0x08000ab8                __aeabi_d2f
 .text          0x08000b58      0x21c C:/ST/STM32CubeIDE_1.15.0/STM32CubeIDE/plugins/com.st.stm32cube.ide.mcu.externaltools.gnu-tools-for-stm32.12.3.rel1.win32_1.0.100.202403111256/tools/bin/../lib/gcc/arm-none-eabi/12.3.1/thumb/v7-m/nofp\libgcc.a(_arm_addsubsf3.o)
                0x08000b58                __aeabi_frsub
                0x08000b60                __subsf3
                0x08000b60                __aeabi_fsub
                0x08000b64                __aeabi_fadd
                0x08000b64                __addsf3
                0x08000cc4                __aeabi_ui2f
                0x08000cc4                __floatunsisf
                0x08000ccc                __aeabi_i2f
                0x08000ccc                __floatsisf
                0x08000ce8                __aeabi_ul2f
                0x08000ce8                __floatundisf
                0x08000cf8                __aeabi_l2f
                0x08000cf8                __floatdisf
 .text          0x08000d74      0x2a0 C:/ST/STM32CubeIDE_1.15.0/STM32CubeIDE/plugins/com.st.stm32cube.ide.mcu.externaltools.gnu-tools-for-stm32.12.3.rel1.win32_1.0.100.202403111256/tools/bin/../lib/gcc/arm-none-eabi/12.3.1/thumb/v7-m/nofp\libgcc.a(_arm_muldivsf3.o)
                0x08000d74                __mulsf3
                0x08000d74                __aeabi_fmul
                0x08000edc                __aeabi_fdiv
                0x08000edc                __divsf3
 .text          0x08001014       0xec C:/ST/STM32CubeIDE_1.15.0/STM32CubeIDE/plugins/com.st.stm32cube.ide.mcu.externaltools.gnu-tools-for-stm32.12.3.rel1.win32_1.0.100.202403111256/tools/bin/../lib/gcc/arm-none-eabi/12.3.1/thumb/v7-m/nofp\libgcc.a(_arm_cmpsf2.o)
                0x08001014                __gesf2
                0x08001014                __gtsf2
                0x0800101c                __lesf2
                0x0800101c                __ltsf2
                0x08001024                __nesf2
                0x08001024                __eqsf2
                0x08001024                __cmpsf2
                0x08001084                __aeabi_cfrcmple
                0x0800108c                __aeabi_cfcmpeq
                0x0800108c                __aeabi_cfcmple
                0x0800109c                __aeabi_fcmpeq
                0x080010b0                __aeabi_fcmplt
                0x080010c4                __aeabi_fcmple
                0x080010d8                __aeabi_fcmpge
                0x080010ec                __aeabi_fcmpgt
 .text          0x08001100       0x30 C:/ST/STM32CubeIDE_1.15.0/STM32CubeIDE/plugins/com.st.stm32cube.ide.mcu.externaltools.gnu-tools-for-stm32.12.3.rel1.win32_1.0.100.202403111256/tools/bin/../lib/gcc/arm-none-eabi/12.3.1/thumb/v7-m/nofp\libgcc.a(_aeabi_uldivmod.o)
                0x08001100                __aeabi_uldivmod
 .text          0x08001130      0x2b8 C:/ST/STM32CubeIDE_1.15.0/STM32CubeIDE/plugins/com.st.stm32cube.ide.mcu.externaltools.gnu-tools-for-stm32.12.3.rel1.win32_1.0.100.202403111256/tools/bin/../lib/gcc/arm-none-eabi/12.3.1/thumb/v7-m/nofp\libgcc.a(_udivmoddi4.o)
                0x08001130                __udivmoddi4
 .text          0x080013e8        0x4 C:/ST/STM32CubeIDE_1.15.0/STM32CubeIDE/plugins/com.st.stm32cube.ide.mcu.externaltools.gnu-tools-for-stm32.12.3.rel1.win32_1.0.100.202403111256/tools/bin/../lib/gcc/arm-none-eabi/12.3.1/thumb/v7-m/nofp\libgcc.a(_dvmd_tls.o)
                0x080013e8                __aeabi_idiv0
                0x080013e8                __aeabi_ldiv0
 *(.text*)
 .text.main     0x080013ec      0x140 ./Core/Src/main.o
                0x080013ec                main
 .text.SystemClock_Config
                0x0800152c       0x9c ./Core/Src/main.o
                0x0800152c                SystemClock_Config
 .text.MX_ADC_Init
                0x080015c8       0xb0 ./Core/Src/main.o
 .text.MX_SPI1_Init
                0x08001678       0x6c ./Core/Src/main.o
 .text.MX_TIM3_Init
                0x080016e4       0xe8 ./Core/Src/main.o
 .text.MX_TIM6_Init
                0x080017cc       0x6c ./Core/Src/main.o
 .text.MX_USART2_UART_Init
                0x08001838       0x54 ./Core/Src/main.o
 .text.MX_GPIO_Init
                0x0800188c      0x154 ./Core/Src/main.o
 .text.__io_putchar
                0x080019e0       0x24 ./Core/Src/main.o
                0x080019e0                __io_putchar
 .text.Error_Handler
                0x08001a04        0xc ./Core/Src/main.o
                0x08001a04                Error_Handler
 .text.HAL_MspInit
                0x08001a10       0x60 ./Core/Src/stm32l1xx_hal_msp.o
                0x08001a10                HAL_MspInit
 .text.HAL_ADC_MspInit
                0x08001a70       0x90 ./Core/Src/stm32l1xx_hal_msp.o
                0x08001a70                HAL_ADC_MspInit
 .text.HAL_SPI_MspInit
                0x08001b00       0x98 ./Core/Src/stm32l1xx_hal_msp.o
                0x08001b00                HAL_SPI_MspInit
 .text.HAL_TIM_Base_MspInit
                0x08001b98       0xd0 ./Core/Src/stm32l1xx_hal_msp.o
                0x08001b98                HAL_TIM_Base_MspInit
 .text.HAL_TIM_MspPostInit
                0x08001c68       0x70 ./Core/Src/stm32l1xx_hal_msp.o
                0x08001c68                HAL_TIM_MspPostInit
 .text.HAL_UART_MspInit
                0x08001cd8       0x88 ./Core/Src/stm32l1xx_hal_msp.o
                0x08001cd8                HAL_UART_MspInit
 .text.NMI_Handler
                0x08001d60        0x8 ./Core/Src/stm32l1xx_it.o
                0x08001d60                NMI_Handler
 .text.HardFault_Handler
                0x08001d68        0x8 ./Core/Src/stm32l1xx_it.o
                0x08001d68                HardFault_Handler
 .text.MemManage_Handler
                0x08001d70        0x8 ./Core/Src/stm32l1xx_it.o
                0x08001d70                MemManage_Handler
 .text.BusFault_Handler
                0x08001d78        0x8 ./Core/Src/stm32l1xx_it.o
                0x08001d78                BusFault_Handler
 .text.UsageFault_Handler
                0x08001d80        0x8 ./Core/Src/stm32l1xx_it.o
                0x08001d80                UsageFault_Handler
 .text.SVC_Handler
                0x08001d88        0xc ./Core/Src/stm32l1xx_it.o
                0x08001d88                SVC_Handler
 .text.DebugMon_Handler
                0x08001d94        0xc ./Core/Src/stm32l1xx_it.o
                0x08001d94                DebugMon_Handler
 .text.PendSV_Handler
                0x08001da0        0xc ./Core/Src/stm32l1xx_it.o
                0x08001da0                PendSV_Handler
 .text.SysTick_Handler
                0x08001dac        0xc ./Core/Src/stm32l1xx_it.o
                0x08001dac                SysTick_Handler
 .text.ADC1_IRQHandler
                0x08001db8       0x14 ./Core/Src/stm32l1xx_it.o
                0x08001db8                ADC1_IRQHandler
 .text.EXTI9_5_IRQHandler
                0x08001dcc       0x1a ./Core/Src/stm32l1xx_it.o
                0x08001dcc                EXTI9_5_IRQHandler
 *fill*         0x08001de6        0x2 
 .text.TIM3_IRQHandler
                0x08001de8       0x14 ./Core/Src/stm32l1xx_it.o
                0x08001de8                TIM3_IRQHandler
 .text.SPI1_IRQHandler
                0x08001dfc       0x14 ./Core/Src/stm32l1xx_it.o
                0x08001dfc                SPI1_IRQHandler
 .text.EXTI15_10_IRQHandler
                0x08001e10       0x20 ./Core/Src/stm32l1xx_it.o
                0x08001e10                EXTI15_10_IRQHandler
 .text.TIM6_IRQHandler
                0x08001e30       0x14 ./Core/Src/stm32l1xx_it.o
                0x08001e30                TIM6_IRQHandler
 .text.HAL_TIM_PeriodElapsedCallback
                0x08001e44       0x28 ./Core/Src/stm32l1xx_it.o
                0x08001e44                HAL_TIM_PeriodElapsedCallback
 .text.HAL_GPIO_EXTI_Callback
                0x08001e6c       0xbc ./Core/Src/stm32l1xx_it.o
                0x08001e6c                HAL_GPIO_EXTI_Callback
 .text.updateVariableSensor
                0x08001f28       0x24 ./Core/Src/stm32l1xx_it.o
                0x08001f28                updateVariableSensor
 .text.displayVariableSensor
                0x08001f4c       0x4c ./Core/Src/stm32l1xx_it.o
                0x08001f4c                displayVariableSensor
 .text.checkVariableSensor
                0x08001f98      0x16c ./Core/Src/stm32l1xx_it.o
                0x08001f98                checkVariableSensor
 .text.displayTemperature
                0x08002104       0x78 ./Core/Src/stm32l1xx_it.o
                0x08002104                displayTemperature
 .text.displayHumidity
                0x0800217c       0x78 ./Core/Src/stm32l1xx_it.o
                0x0800217c                displayHumidity
 .text.displayAlarmTemperature
                0x080021f4       0xa4 ./Core/Src/stm32l1xx_it.o
                0x080021f4                displayAlarmTemperature
 .text.displayAlarmHumidity
                0x08002298       0xd0 ./Core/Src/stm32l1xx_it.o
                0x08002298                displayAlarmHumidity
 .text.displayIndex
                0x08002368      0x106 ./Core/Src/stm32l1xx_it.o
                0x08002368                displayIndex
 *fill*         0x0800246e        0x2 
 .text.BSP_I2C1_Init
                0x08002470       0x64 ./Core/Src/stm32l1xx_nucleo_bus.o
                0x08002470                BSP_I2C1_Init
 .text.BSP_I2C1_DeInit
                0x080024d4       0x50 ./Core/Src/stm32l1xx_nucleo_bus.o
                0x080024d4                BSP_I2C1_DeInit
 .text.BSP_I2C1_WriteReg
                0x08002524       0x64 ./Core/Src/stm32l1xx_nucleo_bus.o
                0x08002524                BSP_I2C1_WriteReg
 .text.BSP_I2C1_ReadReg
                0x08002588       0x64 ./Core/Src/stm32l1xx_nucleo_bus.o
                0x08002588                BSP_I2C1_ReadReg
 .text.BSP_GetTick
                0x080025ec        0xe ./Core/Src/stm32l1xx_nucleo_bus.o
                0x080025ec                BSP_GetTick
 *fill*         0x080025fa        0x2 
 .text.MX_I2C1_Init
                0x080025fc       0x68 ./Core/Src/stm32l1xx_nucleo_bus.o
                0x080025fc                MX_I2C1_Init
 .text.I2C1_MspInit
                0x08002664       0x8c ./Core/Src/stm32l1xx_nucleo_bus.o
 .text.I2C1_MspDeInit
                0x080026f0       0x38 ./Core/Src/stm32l1xx_nucleo_bus.o
 .text._getpid  0x08002728        0xe ./Core/Src/syscalls.o
                0x08002728                _getpid
 .text._kill    0x08002736       0x20 ./Core/Src/syscalls.o
                0x08002736                _kill
 .text._exit    0x08002756       0x16 ./Core/Src/syscalls.o
                0x08002756                _exit
 .text._read    0x0800276c       0x3a ./Core/Src/syscalls.o
                0x0800276c                _read
 .text._write   0x080027a6       0x38 ./Core/Src/syscalls.o
                0x080027a6                _write
 .text._close   0x080027de       0x16 ./Core/Src/syscalls.o
                0x080027de                _close
 .text._fstat   0x080027f4       0x1e ./Core/Src/syscalls.o
                0x080027f4                _fstat
 .text._isatty  0x08002812       0x14 ./Core/Src/syscalls.o
                0x08002812                _isatty
 .text._lseek   0x08002826       0x18 ./Core/Src/syscalls.o
                0x08002826                _lseek
 *fill*         0x0800283e        0x2 
 .text._sbrk    0x08002840       0x6c ./Core/Src/sysmem.o
                0x08002840                _sbrk
 .text.SystemInit
                0x080028ac        0xc ./Core/Src/system_stm32l1xx.o
                0x080028ac                SystemInit
 .text.Reset_Handler
                0x080028b8       0x48 ./Core/Startup/startup_stm32l152retx.o
                0x080028b8                Reset_Handler
 .text.Default_Handler
                0x08002900        0x2 ./Core/Startup/startup_stm32l152retx.o
                0x08002900                RTC_Alarm_IRQHandler
                0x08002900                EXTI2_IRQHandler
                0x08002900                COMP_ACQ_IRQHandler
                0x08002900                TIM10_IRQHandler
                0x08002900                USB_HP_IRQHandler
                0x08002900                PVD_IRQHandler
                0x08002900                EXTI3_IRQHandler
                0x08002900                EXTI0_IRQHandler
                0x08002900                I2C2_EV_IRQHandler
                0x08002900                USB_FS_WKUP_IRQHandler
                0x08002900                DMA2_Channel2_IRQHandler
                0x08002900                DMA1_Channel4_IRQHandler
                0x08002900                USART3_IRQHandler
                0x08002900                DMA1_Channel7_IRQHandler
                0x08002900                LCD_IRQHandler
                0x08002900                UART5_IRQHandler
                0x08002900                TIM4_IRQHandler
                0x08002900                DMA2_Channel1_IRQHandler
                0x08002900                I2C1_EV_IRQHandler
                0x08002900                DMA1_Channel6_IRQHandler
                0x08002900                UART4_IRQHandler
                0x08002900                DMA2_Channel4_IRQHandler
                0x08002900                RCC_IRQHandler
                0x08002900                DMA1_Channel1_IRQHandler
                0x08002900                Default_Handler
                0x08002900                TIM7_IRQHandler
                0x08002900                TIM5_IRQHandler
                0x08002900                TIM9_IRQHandler
                0x08002900                TAMPER_STAMP_IRQHandler
                0x08002900                RTC_WKUP_IRQHandler
                0x08002900                SPI2_IRQHandler
                0x08002900                DMA2_Channel5_IRQHandler
                0x08002900                DMA1_Channel5_IRQHandler
                0x08002900                USB_LP_IRQHandler
                0x08002900                EXTI4_IRQHandler
                0x08002900                DMA1_Channel3_IRQHandler
                0x08002900                COMP_IRQHandler
                0x08002900                WWDG_IRQHandler
                0x08002900                TIM2_IRQHandler
                0x08002900                DAC_IRQHandler
                0x08002900                EXTI1_IRQHandler
                0x08002900                TIM11_IRQHandler
                0x08002900                USART2_IRQHandler
                0x08002900                I2C2_ER_IRQHandler
                0x08002900                DMA1_Channel2_IRQHandler
                0x08002900                FLASH_IRQHandler
                0x08002900                USART1_IRQHandler
                0x08002900                SPI3_IRQHandler
                0x08002900                I2C1_ER_IRQHandler
                0x08002900                DMA2_Channel3_IRQHandler
 *fill*         0x08002902        0x2 
 .text.HTS221_RegisterBusIO
                0x08002904       0x94 ./Drivers/BSP/Components/hts221/hts221.o
                0x08002904                HTS221_RegisterBusIO
 .text.HTS221_Init
                0x08002998       0x36 ./Drivers/BSP/Components/hts221/hts221.o
                0x08002998                HTS221_Init
 .text.HTS221_DeInit
                0x080029ce       0x48 ./Drivers/BSP/Components/hts221/hts221.o
                0x080029ce                HTS221_DeInit
 .text.HTS221_ReadID
                0x08002a16       0x2c ./Drivers/BSP/Components/hts221/hts221.o
                0x08002a16                HTS221_ReadID
 *fill*         0x08002a42        0x2 
 .text.HTS221_GetCapabilities
                0x08002a44       0x54 ./Drivers/BSP/Components/hts221/hts221.o
                0x08002a44                HTS221_GetCapabilities
 .text.HTS221_HUM_Enable
                0x08002a98       0x4a ./Drivers/BSP/Components/hts221/hts221.o
                0x08002a98                HTS221_HUM_Enable
 .text.HTS221_HUM_Disable
                0x08002ae2       0x4a ./Drivers/BSP/Components/hts221/hts221.o
                0x08002ae2                HTS221_HUM_Disable
 .text.HTS221_HUM_GetOutputDataRate
                0x08002b2c       0x1c ./Drivers/BSP/Components/hts221/hts221.o
                0x08002b2c                HTS221_HUM_GetOutputDataRate
 .text.HTS221_HUM_SetOutputDataRate
                0x08002b48       0x1c ./Drivers/BSP/Components/hts221/hts221.o
                0x08002b48                HTS221_HUM_SetOutputDataRate
 .text.HTS221_HUM_GetHumidity
                0x08002b64      0x108 ./Drivers/BSP/Components/hts221/hts221.o
                0x08002b64                HTS221_HUM_GetHumidity
 .text.HTS221_TEMP_Enable
                0x08002c6c       0x4a ./Drivers/BSP/Components/hts221/hts221.o
                0x08002c6c                HTS221_TEMP_Enable
 .text.HTS221_TEMP_Disable
                0x08002cb6       0x4a ./Drivers/BSP/Components/hts221/hts221.o
                0x08002cb6                HTS221_TEMP_Disable
 .text.HTS221_TEMP_GetOutputDataRate
                0x08002d00       0x1c ./Drivers/BSP/Components/hts221/hts221.o
                0x08002d00                HTS221_TEMP_GetOutputDataRate
 .text.HTS221_TEMP_SetOutputDataRate
                0x08002d1c       0x1c ./Drivers/BSP/Components/hts221/hts221.o
                0x08002d1c                HTS221_TEMP_SetOutputDataRate
 .text.HTS221_TEMP_GetTemperature
                0x08002d38       0xce ./Drivers/BSP/Components/hts221/hts221.o
                0x08002d38                HTS221_TEMP_GetTemperature
 *fill*         0x08002e06        0x2 
 .text.HTS221_GetOutputDataRate
                0x08002e08       0x88 ./Drivers/BSP/Components/hts221/hts221.o
 .text.HTS221_SetOutputDataRate
                0x08002e90       0x5c ./Drivers/BSP/Components/hts221/hts221.o
 .text.HTS221_Initialize
                0x08002eec       0x58 ./Drivers/BSP/Components/hts221/hts221.o
 .text.Linear_Interpolation
                0x08002f44       0x88 ./Drivers/BSP/Components/hts221/hts221.o
 .text.ReadRegWrap
                0x08002fcc       0x62 ./Drivers/BSP/Components/hts221/hts221.o
 .text.WriteRegWrap
                0x0800302e       0x62 ./Drivers/BSP/Components/hts221/hts221.o
 .text.hts221_read_reg
                0x08003090       0x30 ./Drivers/BSP/Components/hts221/hts221_reg.o
                0x08003090                hts221_read_reg
 .text.hts221_write_reg
                0x080030c0       0x30 ./Drivers/BSP/Components/hts221/hts221_reg.o
                0x080030c0                hts221_write_reg
 .text.hts221_data_rate_set
                0x080030f0       0x4c ./Drivers/BSP/Components/hts221/hts221_reg.o
                0x080030f0                hts221_data_rate_set
 .text.hts221_data_rate_get
                0x0800313c       0x70 ./Drivers/BSP/Components/hts221/hts221_reg.o
                0x0800313c                hts221_data_rate_get
 .text.hts221_block_data_update_set
                0x080031ac       0x4c ./Drivers/BSP/Components/hts221/hts221_reg.o
                0x080031ac                hts221_block_data_update_set
 .text.hts221_humidity_raw_get
                0x080031f8       0x44 ./Drivers/BSP/Components/hts221/hts221_reg.o
                0x080031f8                hts221_humidity_raw_get
 .text.hts221_temperature_raw_get
                0x0800323c       0x44 ./Drivers/BSP/Components/hts221/hts221_reg.o
                0x0800323c                hts221_temperature_raw_get
 .text.hts221_device_id_get
                0x08003280       0x22 ./Drivers/BSP/Components/hts221/hts221_reg.o
                0x08003280                hts221_device_id_get
 .text.hts221_power_on_set
                0x080032a2       0x4c ./Drivers/BSP/Components/hts221/hts221_reg.o
                0x080032a2                hts221_power_on_set
 .text.hts221_hum_rh_point_0_get
                0x080032ee       0x40 ./Drivers/BSP/Components/hts221/hts221_reg.o
                0x080032ee                hts221_hum_rh_point_0_get
 .text.hts221_hum_rh_point_1_get
                0x0800332e       0x40 ./Drivers/BSP/Components/hts221/hts221_reg.o
                0x0800332e                hts221_hum_rh_point_1_get
 .text.hts221_temp_deg_point_0_get
                0x0800336e       0x66 ./Drivers/BSP/Components/hts221/hts221_reg.o
                0x0800336e                hts221_temp_deg_point_0_get
 .text.hts221_temp_deg_point_1_get
                0x080033d4       0x66 ./Drivers/BSP/Components/hts221/hts221_reg.o
                0x080033d4                hts221_temp_deg_point_1_get
 .text.hts221_hum_adc_point_0_get
                0x0800343a       0x42 ./Drivers/BSP/Components/hts221/hts221_reg.o
                0x0800343a                hts221_hum_adc_point_0_get
 .text.hts221_hum_adc_point_1_get
                0x0800347c       0x42 ./Drivers/BSP/Components/hts221/hts221_reg.o
                0x0800347c                hts221_hum_adc_point_1_get
 .text.hts221_temp_adc_point_0_get
                0x080034be       0x42 ./Drivers/BSP/Components/hts221/hts221_reg.o
                0x080034be                hts221_temp_adc_point_0_get
 .text.hts221_temp_adc_point_1_get
                0x08003500       0x42 ./Drivers/BSP/Components/hts221/hts221_reg.o
                0x08003500                hts221_temp_adc_point_1_get
 *fill*         0x08003542        0x2 
 .text.LPS22HH_RegisterBusIO
                0x08003544       0xd4 ./Drivers/BSP/Components/lps22hh/lps22hh.o
                0x08003544                LPS22HH_RegisterBusIO
 .text.LPS22HH_Init
                0x08003618       0x36 ./Drivers/BSP/Components/lps22hh/lps22hh.o
                0x08003618                LPS22HH_Init
 .text.LPS22HH_DeInit
                0x0800364e       0x48 ./Drivers/BSP/Components/lps22hh/lps22hh.o
                0x0800364e                LPS22HH_DeInit
 .text.LPS22HH_ReadID
                0x08003696       0x2c ./Drivers/BSP/Components/lps22hh/lps22hh.o
                0x08003696                LPS22HH_ReadID
 *fill*         0x080036c2        0x2 
 .text.LPS22HH_GetCapabilities
                0x080036c4       0x54 ./Drivers/BSP/Components/lps22hh/lps22hh.o
                0x080036c4                LPS22HH_GetCapabilities
 .text.LPS22HH_PRESS_Enable
                0x08003718       0x48 ./Drivers/BSP/Components/lps22hh/lps22hh.o
                0x08003718                LPS22HH_PRESS_Enable
 .text.LPS22HH_PRESS_Disable
                0x08003760       0x68 ./Drivers/BSP/Components/lps22hh/lps22hh.o
                0x08003760                LPS22HH_PRESS_Disable
 .text.LPS22HH_PRESS_GetOutputDataRate
                0x080037c8       0x1c ./Drivers/BSP/Components/lps22hh/lps22hh.o
                0x080037c8                LPS22HH_PRESS_GetOutputDataRate
 .text.LPS22HH_PRESS_SetOutputDataRate
                0x080037e4       0x32 ./Drivers/BSP/Components/lps22hh/lps22hh.o
                0x080037e4                LPS22HH_PRESS_SetOutputDataRate
 .text.LPS22HH_PRESS_GetPressure
                0x08003816       0x4c ./Drivers/BSP/Components/lps22hh/lps22hh.o
                0x08003816                LPS22HH_PRESS_GetPressure
 .text.LPS22HH_TEMP_Enable
                0x08003862       0x48 ./Drivers/BSP/Components/lps22hh/lps22hh.o
                0x08003862                LPS22HH_TEMP_Enable
 .text.LPS22HH_TEMP_Disable
                0x080038aa       0x68 ./Drivers/BSP/Components/lps22hh/lps22hh.o
                0x080038aa                LPS22HH_TEMP_Disable
 .text.LPS22HH_TEMP_GetOutputDataRate
                0x08003912       0x1c ./Drivers/BSP/Components/lps22hh/lps22hh.o
                0x08003912                LPS22HH_TEMP_GetOutputDataRate
 .text.LPS22HH_TEMP_SetOutputDataRate
                0x0800392e       0x32 ./Drivers/BSP/Components/lps22hh/lps22hh.o
                0x0800392e                LPS22HH_TEMP_SetOutputDataRate
 .text.LPS22HH_TEMP_GetTemperature
                0x08003960       0x4e ./Drivers/BSP/Components/lps22hh/lps22hh.o
                0x08003960                LPS22HH_TEMP_GetTemperature
 .text.LPS22HH_Write_Reg
                0x080039ae       0x36 ./Drivers/BSP/Components/lps22hh/lps22hh.o
                0x080039ae                LPS22HH_Write_Reg
 .text.LPS22HH_GetOutputDataRate
                0x080039e4       0xc8 ./Drivers/BSP/Components/lps22hh/lps22hh.o
 .text.LPS22HH_SetOutputDataRate_When_Enabled
                0x08003aac       0xd4 ./Drivers/BSP/Components/lps22hh/lps22hh.o
 .text.LPS22HH_SetOutputDataRate_When_Disabled
                0x08003b80       0xa0 ./Drivers/BSP/Components/lps22hh/lps22hh.o
 .text.LPS22HH_Initialize
                0x08003c20       0x9a ./Drivers/BSP/Components/lps22hh/lps22hh.o
 .text.ReadRegWrap
                0x08003cba       0x36 ./Drivers/BSP/Components/lps22hh/lps22hh.o
 .text.WriteRegWrap
                0x08003cf0       0x36 ./Drivers/BSP/Components/lps22hh/lps22hh.o
 .text.lps22hh_read_reg
                0x08003d26       0x30 ./Drivers/BSP/Components/lps22hh/lps22hh_reg.o
                0x08003d26                lps22hh_read_reg
 .text.lps22hh_write_reg
                0x08003d56       0x30 ./Drivers/BSP/Components/lps22hh/lps22hh_reg.o
                0x08003d56                lps22hh_write_reg
 .text.lps22hh_from_lsb_to_hpa
                0x08003d86       0x24 ./Drivers/BSP/Components/lps22hh/lps22hh_reg.o
                0x08003d86                lps22hh_from_lsb_to_hpa
 *fill*         0x08003daa        0x2 
 .text.lps22hh_from_lsb_to_celsius
                0x08003dac       0x2c ./Drivers/BSP/Components/lps22hh/lps22hh_reg.o
                0x08003dac                lps22hh_from_lsb_to_celsius
 .text.lps22hh_block_data_update_set
                0x08003dd8       0x4c ./Drivers/BSP/Components/lps22hh/lps22hh_reg.o
                0x08003dd8                lps22hh_block_data_update_set
 .text.lps22hh_data_rate_set
                0x08003e24       0x9c ./Drivers/BSP/Components/lps22hh/lps22hh_reg.o
                0x08003e24                lps22hh_data_rate_set
 .text.lps22hh_data_rate_get
                0x08003ec0      0x150 ./Drivers/BSP/Components/lps22hh/lps22hh_reg.o
                0x08003ec0                lps22hh_data_rate_get
 .text.lps22hh_pressure_raw_get
                0x08004010       0x52 ./Drivers/BSP/Components/lps22hh/lps22hh_reg.o
                0x08004010                lps22hh_pressure_raw_get
 .text.lps22hh_temperature_raw_get
                0x08004062       0x44 ./Drivers/BSP/Components/lps22hh/lps22hh_reg.o
                0x08004062                lps22hh_temperature_raw_get
 .text.lps22hh_device_id_get
                0x080040a6       0x22 ./Drivers/BSP/Components/lps22hh/lps22hh_reg.o
                0x080040a6                lps22hh_device_id_get
 .text.lps22hh_auto_increment_set
                0x080040c8       0x4c ./Drivers/BSP/Components/lps22hh/lps22hh_reg.o
                0x080040c8                lps22hh_auto_increment_set
 .text.lps22hh_lp_bandwidth_set
                0x08004114       0x4c ./Drivers/BSP/Components/lps22hh/lps22hh_reg.o
                0x08004114                lps22hh_lp_bandwidth_set
 .text.lps22hh_i3c_interface_set
                0x08004160       0x5e ./Drivers/BSP/Components/lps22hh/lps22hh_reg.o
                0x08004160                lps22hh_i3c_interface_set
 *fill*         0x080041be        0x2 
 .text.STTS751_RegisterBusIO
                0x080041c0       0x94 ./Drivers/BSP/Components/stts751/stts751.o
                0x080041c0                STTS751_RegisterBusIO
 .text.STTS751_Init
                0x08004254       0x74 ./Drivers/BSP/Components/stts751/stts751.o
                0x08004254                STTS751_Init
 .text.STTS751_DeInit
                0x080042c8       0x36 ./Drivers/BSP/Components/stts751/stts751.o
                0x080042c8                STTS751_DeInit
 .text.STTS751_ReadID
                0x080042fe       0x36 ./Drivers/BSP/Components/stts751/stts751.o
                0x080042fe                STTS751_ReadID
 .text.STTS751_GetCapabilities
                0x08004334       0x54 ./Drivers/BSP/Components/stts751/stts751.o
                0x08004334                STTS751_GetCapabilities
 .text.STTS751_TEMP_Enable
                0x08004388       0x40 ./Drivers/BSP/Components/stts751/stts751.o
                0x08004388                STTS751_TEMP_Enable
 .text.STTS751_TEMP_Disable
                0x080043c8       0x58 ./Drivers/BSP/Components/stts751/stts751.o
                0x080043c8                STTS751_TEMP_Disable
 .text.STTS751_TEMP_GetOutputDataRate
                0x08004420       0xf4 ./Drivers/BSP/Components/stts751/stts751.o
                0x08004420                STTS751_TEMP_GetOutputDataRate
 .text.STTS751_TEMP_SetOutputDataRate
                0x08004514      0x164 ./Drivers/BSP/Components/stts751/stts751.o
                0x08004514                STTS751_TEMP_SetOutputDataRate
 .text.STTS751_TEMP_GetTemperature
                0x08004678       0x40 ./Drivers/BSP/Components/stts751/stts751.o
                0x08004678                STTS751_TEMP_GetTemperature
 .text.ReadRegWrap
                0x080046b8       0x6e ./Drivers/BSP/Components/stts751/stts751.o
 .text.WriteRegWrap
                0x08004726       0x6e ./Drivers/BSP/Components/stts751/stts751.o
 .text.stts751_read_reg
                0x08004794       0x30 ./Drivers/BSP/Components/stts751/stts751_reg.o
                0x08004794                stts751_read_reg
 .text.stts751_write_reg
                0x080047c4       0x30 ./Drivers/BSP/Components/stts751/stts751_reg.o
                0x080047c4                stts751_write_reg
 .text.stts751_from_lsb_to_celsius
                0x080047f4       0x2a ./Drivers/BSP/Components/stts751/stts751_reg.o
                0x080047f4                stts751_from_lsb_to_celsius
 .text.stts751_temp_data_rate_set
                0x0800481e       0xac ./Drivers/BSP/Components/stts751/stts751_reg.o
                0x0800481e                stts751_temp_data_rate_set
 *fill*         0x080048ca        0x2 
 .text.stts751_temp_data_rate_get
                0x080048cc      0x100 ./Drivers/BSP/Components/stts751/stts751_reg.o
                0x080048cc                stts751_temp_data_rate_get
 .text.stts751_resolution_set
                0x080049cc       0x4c ./Drivers/BSP/Components/stts751/stts751_reg.o
                0x080049cc                stts751_resolution_set
 .text.stts751_resolution_get
                0x08004a18       0x70 ./Drivers/BSP/Components/stts751/stts751_reg.o
                0x08004a18                stts751_resolution_get
 .text.stts751_temperature_raw_get
                0x08004a88       0x5c ./Drivers/BSP/Components/stts751/stts751_reg.o
                0x08004a88                stts751_temperature_raw_get
 .text.stts751_pin_event_route_set
                0x08004ae4       0x4c ./Drivers/BSP/Components/stts751/stts751_reg.o
                0x08004ae4                stts751_pin_event_route_set
 .text.stts751_device_id_get
                0x08004b30       0x4e ./Drivers/BSP/Components/stts751/stts751_reg.o
                0x08004b30                stts751_device_id_get
 *fill*         0x08004b7e        0x2 
 .text.IKS01A3_ENV_SENSOR_Init
                0x08004b80      0x21c ./Drivers/BSP/IKS01A3/iks01a3_env_sensors.o
                0x08004b80                IKS01A3_ENV_SENSOR_Init
 .text.IKS01A3_ENV_SENSOR_GetValue
                0x08004d9c       0x84 ./Drivers/BSP/IKS01A3/iks01a3_env_sensors.o
                0x08004d9c                IKS01A3_ENV_SENSOR_GetValue
 .text.HTS221_0_Probe
                0x08004e20      0x194 ./Drivers/BSP/IKS01A3/iks01a3_env_sensors.o
 .text.LPS22HH_0_Probe
                0x08004fb4      0x198 ./Drivers/BSP/IKS01A3/iks01a3_env_sensors.o
 .text.STTS751_0_Probe
                0x0800514c      0x164 ./Drivers/BSP/IKS01A3/iks01a3_env_sensors.o
 .text.HAL_Init
                0x080052b0       0x30 ./Drivers/STM32L1xx_HAL_Driver/Src/stm32l1xx_hal.o
                0x080052b0                HAL_Init
 .text.HAL_InitTick
                0x080052e0       0x74 ./Drivers/STM32L1xx_HAL_Driver/Src/stm32l1xx_hal.o
                0x080052e0                HAL_InitTick
 .text.HAL_IncTick
                0x08005354       0x24 ./Drivers/STM32L1xx_HAL_Driver/Src/stm32l1xx_hal.o
                0x08005354                HAL_IncTick
 .text.HAL_GetTick
                0x08005378       0x14 ./Drivers/STM32L1xx_HAL_Driver/Src/stm32l1xx_hal.o
                0x08005378                HAL_GetTick
 .text.HAL_Delay
                0x0800538c       0x44 ./Drivers/STM32L1xx_HAL_Driver/Src/stm32l1xx_hal.o
                0x0800538c                HAL_Delay
 .text.HAL_ADC_Init
                0x080053d0      0x28c ./Drivers/STM32L1xx_HAL_Driver/Src/stm32l1xx_hal_adc.o
                0x080053d0                HAL_ADC_Init
 .text.HAL_ADC_PollForConversion
                0x0800565c      0x120 ./Drivers/STM32L1xx_HAL_Driver/Src/stm32l1xx_hal_adc.o
                0x0800565c                HAL_ADC_PollForConversion
 .text.HAL_ADC_Start_IT
                0x0800577c       0xd4 ./Drivers/STM32L1xx_HAL_Driver/Src/stm32l1xx_hal_adc.o
                0x0800577c                HAL_ADC_Start_IT
 .text.HAL_ADC_Stop_IT
                0x08005850       0x68 ./Drivers/STM32L1xx_HAL_Driver/Src/stm32l1xx_hal_adc.o
                0x08005850                HAL_ADC_Stop_IT
 .text.HAL_ADC_GetValue
                0x080058b8       0x18 ./Drivers/STM32L1xx_HAL_Driver/Src/stm32l1xx_hal_adc.o
                0x080058b8                HAL_ADC_GetValue
 .text.HAL_ADC_IRQHandler
                0x080058d0      0x1ee ./Drivers/STM32L1xx_HAL_Driver/Src/stm32l1xx_hal_adc.o
                0x080058d0                HAL_ADC_IRQHandler
 .text.HAL_ADC_ConvCpltCallback
                0x08005abe       0x12 ./Drivers/STM32L1xx_HAL_Driver/Src/stm32l1xx_hal_adc.o
                0x08005abe                HAL_ADC_ConvCpltCallback
 .text.HAL_ADC_LevelOutOfWindowCallback
                0x08005ad0       0x12 ./Drivers/STM32L1xx_HAL_Driver/Src/stm32l1xx_hal_adc.o
                0x08005ad0                HAL_ADC_LevelOutOfWindowCallback
 .text.HAL_ADC_ErrorCallback
                0x08005ae2       0x12 ./Drivers/STM32L1xx_HAL_Driver/Src/stm32l1xx_hal_adc.o
                0x08005ae2                HAL_ADC_ErrorCallback
 .text.HAL_ADC_ConfigChannel
                0x08005af4      0x2d8 ./Drivers/STM32L1xx_HAL_Driver/Src/stm32l1xx_hal_adc.o
                0x08005af4                HAL_ADC_ConfigChannel
 .text.ADC_Enable
                0x08005dcc       0xb8 ./Drivers/STM32L1xx_HAL_Driver/Src/stm32l1xx_hal_adc.o
                0x08005dcc                ADC_Enable
 .text.ADC_ConversionStop_Disable
                0x08005e84       0x82 ./Drivers/STM32L1xx_HAL_Driver/Src/stm32l1xx_hal_adc.o
                0x08005e84                ADC_ConversionStop_Disable
 .text.HAL_ADCEx_InjectedConvCpltCallback
                0x08005f06       0x12 ./Drivers/STM32L1xx_HAL_Driver/Src/stm32l1xx_hal_adc_ex.o
                0x08005f06                HAL_ADCEx_InjectedConvCpltCallback
 .text.__NVIC_SetPriorityGrouping
                0x08005f18       0x48 ./Drivers/STM32L1xx_HAL_Driver/Src/stm32l1xx_hal_cortex.o
 .text.__NVIC_GetPriorityGrouping
                0x08005f60       0x1c ./Drivers/STM32L1xx_HAL_Driver/Src/stm32l1xx_hal_cortex.o
 .text.__NVIC_EnableIRQ
                0x08005f7c       0x38 ./Drivers/STM32L1xx_HAL_Driver/Src/stm32l1xx_hal_cortex.o
 .text.__NVIC_SetPriority
                0x08005fb4       0x54 ./Drivers/STM32L1xx_HAL_Driver/Src/stm32l1xx_hal_cortex.o
 .text.NVIC_EncodePriority
                0x08006008       0x64 ./Drivers/STM32L1xx_HAL_Driver/Src/stm32l1xx_hal_cortex.o
 .text.SysTick_Config
                0x0800606c       0x44 ./Drivers/STM32L1xx_HAL_Driver/Src/stm32l1xx_hal_cortex.o
 .text.HAL_NVIC_SetPriorityGrouping
                0x080060b0       0x16 ./Drivers/STM32L1xx_HAL_Driver/Src/stm32l1xx_hal_cortex.o
                0x080060b0                HAL_NVIC_SetPriorityGrouping
 .text.HAL_NVIC_SetPriority
                0x080060c6       0x38 ./Drivers/STM32L1xx_HAL_Driver/Src/stm32l1xx_hal_cortex.o
                0x080060c6                HAL_NVIC_SetPriority
 .text.HAL_NVIC_EnableIRQ
                0x080060fe       0x1c ./Drivers/STM32L1xx_HAL_Driver/Src/stm32l1xx_hal_cortex.o
                0x080060fe                HAL_NVIC_EnableIRQ
 .text.HAL_SYSTICK_Config
                0x0800611a       0x18 ./Drivers/STM32L1xx_HAL_Driver/Src/stm32l1xx_hal_cortex.o
                0x0800611a                HAL_SYSTICK_Config
 .text.HAL_DMA_Abort_IT
                0x08006132       0x82 ./Drivers/STM32L1xx_HAL_Driver/Src/stm32l1xx_hal_dma.o
                0x08006132                HAL_DMA_Abort_IT
 .text.HAL_GPIO_Init
                0x080061b4      0x320 ./Drivers/STM32L1xx_HAL_Driver/Src/stm32l1xx_hal_gpio.o
                0x080061b4                HAL_GPIO_Init
 .text.HAL_GPIO_DeInit
                0x080064d4      0x1e0 ./Drivers/STM32L1xx_HAL_Driver/Src/stm32l1xx_hal_gpio.o
                0x080064d4                HAL_GPIO_DeInit
 .text.HAL_GPIO_WritePin
                0x080066b4       0x30 ./Drivers/STM32L1xx_HAL_Driver/Src/stm32l1xx_hal_gpio.o
                0x080066b4                HAL_GPIO_WritePin
 .text.HAL_GPIO_TogglePin
                0x080066e4       0x32 ./Drivers/STM32L1xx_HAL_Driver/Src/stm32l1xx_hal_gpio.o
                0x080066e4                HAL_GPIO_TogglePin
 *fill*         0x08006716        0x2 
 .text.HAL_GPIO_EXTI_IRQHandler
                0x08006718       0x30 ./Drivers/STM32L1xx_HAL_Driver/Src/stm32l1xx_hal_gpio.o
                0x08006718                HAL_GPIO_EXTI_IRQHandler
 .text.HAL_I2C_Init
                0x08006748      0x288 ./Drivers/STM32L1xx_HAL_Driver/Src/stm32l1xx_hal_i2c.o
                0x08006748                HAL_I2C_Init
 .text.HAL_I2C_DeInit
                0x080069d0       0x5e ./Drivers/STM32L1xx_HAL_Driver/Src/stm32l1xx_hal_i2c.o
                0x080069d0                HAL_I2C_DeInit
 .text.HAL_I2C_MspInit
                0x08006a2e       0x12 ./Drivers/STM32L1xx_HAL_Driver/Src/stm32l1xx_hal_i2c.o
                0x08006a2e                HAL_I2C_MspInit
 .text.HAL_I2C_MspDeInit
                0x08006a40       0x12 ./Drivers/STM32L1xx_HAL_Driver/Src/stm32l1xx_hal_i2c.o
                0x08006a40                HAL_I2C_MspDeInit
 *fill*         0x08006a52        0x2 
 .text.HAL_I2C_Mem_Write
                0x08006a54      0x1f4 ./Drivers/STM32L1xx_HAL_Driver/Src/stm32l1xx_hal_i2c.o
                0x08006a54                HAL_I2C_Mem_Write
 .text.HAL_I2C_Mem_Read
                0x08006c48      0x44c ./Drivers/STM32L1xx_HAL_Driver/Src/stm32l1xx_hal_i2c.o
                0x08006c48                HAL_I2C_Mem_Read
 .text.HAL_I2C_GetState
                0x08007094       0x1a ./Drivers/STM32L1xx_HAL_Driver/Src/stm32l1xx_hal_i2c.o
                0x08007094                HAL_I2C_GetState
 .text.HAL_I2C_GetError
                0x080070ae       0x16 ./Drivers/STM32L1xx_HAL_Driver/Src/stm32l1xx_hal_i2c.o
                0x080070ae                HAL_I2C_GetError
 .text.I2C_RequestMemoryWrite
                0x080070c4      0x12c ./Drivers/STM32L1xx_HAL_Driver/Src/stm32l1xx_hal_i2c.o
 .text.I2C_RequestMemoryRead
                0x080071f0      0x1d0 ./Drivers/STM32L1xx_HAL_Driver/Src/stm32l1xx_hal_i2c.o
 .text.I2C_WaitOnFlagUntilTimeout
                0x080073c0       0xf4 ./Drivers/STM32L1xx_HAL_Driver/Src/stm32l1xx_hal_i2c.o
 .text.I2C_WaitOnMasterAddressFlagUntilTimeout
                0x080074b4      0x140 ./Drivers/STM32L1xx_HAL_Driver/Src/stm32l1xx_hal_i2c.o
 .text.I2C_WaitOnTXEFlagUntilTimeout
                0x080075f4       0x90 ./Drivers/STM32L1xx_HAL_Driver/Src/stm32l1xx_hal_i2c.o
 .text.I2C_WaitOnBTFFlagUntilTimeout
                0x08007684       0x90 ./Drivers/STM32L1xx_HAL_Driver/Src/stm32l1xx_hal_i2c.o
 .text.I2C_WaitOnRXNEFlagUntilTimeout
                0x08007714       0xba ./Drivers/STM32L1xx_HAL_Driver/Src/stm32l1xx_hal_i2c.o
 .text.I2C_IsAcknowledgeFailed
                0x080077ce       0x5c ./Drivers/STM32L1xx_HAL_Driver/Src/stm32l1xx_hal_i2c.o
 *fill*         0x0800782a        0x2 
 .text.HAL_RCC_OscConfig
                0x0800782c      0x660 ./Drivers/STM32L1xx_HAL_Driver/Src/stm32l1xx_hal_rcc.o
                0x0800782c                HAL_RCC_OscConfig
 .text.HAL_RCC_ClockConfig
                0x08007e8c      0x268 ./Drivers/STM32L1xx_HAL_Driver/Src/stm32l1xx_hal_rcc.o
                0x08007e8c                HAL_RCC_ClockConfig
 .text.HAL_RCC_GetSysClockFreq
                0x080080f4      0x200 ./Drivers/STM32L1xx_HAL_Driver/Src/stm32l1xx_hal_rcc.o
                0x080080f4                HAL_RCC_GetSysClockFreq
 .text.HAL_RCC_GetHCLKFreq
                0x080082f4       0x14 ./Drivers/STM32L1xx_HAL_Driver/Src/stm32l1xx_hal_rcc.o
                0x080082f4                HAL_RCC_GetHCLKFreq
 .text.HAL_RCC_GetPCLK1Freq
                0x08008308       0x28 ./Drivers/STM32L1xx_HAL_Driver/Src/stm32l1xx_hal_rcc.o
                0x08008308                HAL_RCC_GetPCLK1Freq
 .text.HAL_RCC_GetPCLK2Freq
                0x08008330       0x28 ./Drivers/STM32L1xx_HAL_Driver/Src/stm32l1xx_hal_rcc.o
                0x08008330                HAL_RCC_GetPCLK2Freq
 .text.RCC_SetFlashLatencyFromMSIRange
                0x08008358       0xc0 ./Drivers/STM32L1xx_HAL_Driver/Src/stm32l1xx_hal_rcc.o
 .text.HAL_SPI_Init
                0x08008418      0x112 ./Drivers/STM32L1xx_HAL_Driver/Src/stm32l1xx_hal_spi.o
                0x08008418                HAL_SPI_Init
 .text.HAL_SPI_Transmit
                0x0800852a      0x286 ./Drivers/STM32L1xx_HAL_Driver/Src/stm32l1xx_hal_spi.o
                0x0800852a                HAL_SPI_Transmit
 .text.HAL_SPI_IRQHandler
                0x080087b0      0x1e8 ./Drivers/STM32L1xx_HAL_Driver/Src/stm32l1xx_hal_spi.o
                0x080087b0                HAL_SPI_IRQHandler
 .text.HAL_SPI_ErrorCallback
                0x08008998       0x12 ./Drivers/STM32L1xx_HAL_Driver/Src/stm32l1xx_hal_spi.o
                0x08008998                HAL_SPI_ErrorCallback
 .text.SPI_DMAAbortOnError
                0x080089aa       0x28 ./Drivers/STM32L1xx_HAL_Driver/Src/stm32l1xx_hal_spi.o
 *fill*         0x080089d2        0x2 
 .text.SPI_WaitFlagStateUntilTimeout
                0x080089d4      0x110 ./Drivers/STM32L1xx_HAL_Driver/Src/stm32l1xx_hal_spi.o
 .text.SPI_EndRxTxTransaction
                0x08008ae4       0x84 ./Drivers/STM32L1xx_HAL_Driver/Src/stm32l1xx_hal_spi.o
 .text.HAL_TIM_Base_Init
                0x08008b68       0x7e ./Drivers/STM32L1xx_HAL_Driver/Src/stm32l1xx_hal_tim.o
                0x08008b68                HAL_TIM_Base_Init
 *fill*         0x08008be6        0x2 
 .text.HAL_TIM_Base_Start_IT
                0x08008be8       0xa4 ./Drivers/STM32L1xx_HAL_Driver/Src/stm32l1xx_hal_tim.o
                0x08008be8                HAL_TIM_Base_Start_IT
 .text.HAL_TIM_Base_Stop_IT
                0x08008c8c       0x4c ./Drivers/STM32L1xx_HAL_Driver/Src/stm32l1xx_hal_tim.o
                0x08008c8c                HAL_TIM_Base_Stop_IT
 .text.HAL_TIM_PWM_Init
                0x08008cd8       0x7e ./Drivers/STM32L1xx_HAL_Driver/Src/stm32l1xx_hal_tim.o
                0x08008cd8                HAL_TIM_PWM_Init
 .text.HAL_TIM_PWM_MspInit
                0x08008d56       0x12 ./Drivers/STM32L1xx_HAL_Driver/Src/stm32l1xx_hal_tim.o
                0x08008d56                HAL_TIM_PWM_MspInit
 .text.HAL_TIM_PWM_Start
                0x08008d68      0x12c ./Drivers/STM32L1xx_HAL_Driver/Src/stm32l1xx_hal_tim.o
                0x08008d68                HAL_TIM_PWM_Start
 .text.HAL_TIM_PWM_Stop
                0x08008e94       0x7a ./Drivers/STM32L1xx_HAL_Driver/Src/stm32l1xx_hal_tim.o
                0x08008e94                HAL_TIM_PWM_Stop
 .text.HAL_TIM_IRQHandler
                0x08008f0e      0x1b8 ./Drivers/STM32L1xx_HAL_Driver/Src/stm32l1xx_hal_tim.o
                0x08008f0e                HAL_TIM_IRQHandler
 *fill*         0x080090c6        0x2 
 .text.HAL_TIM_PWM_ConfigChannel
                0x080090c8      0x184 ./Drivers/STM32L1xx_HAL_Driver/Src/stm32l1xx_hal_tim.o
                0x080090c8                HAL_TIM_PWM_ConfigChannel
 .text.HAL_TIM_ConfigClockSource
                0x0800924c      0x18e ./Drivers/STM32L1xx_HAL_Driver/Src/stm32l1xx_hal_tim.o
                0x0800924c                HAL_TIM_ConfigClockSource
 .text.HAL_TIM_OC_DelayElapsedCallback
                0x080093da       0x12 ./Drivers/STM32L1xx_HAL_Driver/Src/stm32l1xx_hal_tim.o
                0x080093da                HAL_TIM_OC_DelayElapsedCallback
 .text.HAL_TIM_IC_CaptureCallback
                0x080093ec       0x12 ./Drivers/STM32L1xx_HAL_Driver/Src/stm32l1xx_hal_tim.o
                0x080093ec                HAL_TIM_IC_CaptureCallback
 .text.HAL_TIM_PWM_PulseFinishedCallback
                0x080093fe       0x12 ./Drivers/STM32L1xx_HAL_Driver/Src/stm32l1xx_hal_tim.o
                0x080093fe                HAL_TIM_PWM_PulseFinishedCallback
 .text.HAL_TIM_TriggerCallback
                0x08009410       0x12 ./Drivers/STM32L1xx_HAL_Driver/Src/stm32l1xx_hal_tim.o
                0x08009410                HAL_TIM_TriggerCallback
 *fill*         0x08009422        0x2 
 .text.TIM_Base_SetConfig
                0x08009424       0xe0 ./Drivers/STM32L1xx_HAL_Driver/Src/stm32l1xx_hal_tim.o
 .text.TIM_OC1_SetConfig
                0x08009504       0x78 ./Drivers/STM32L1xx_HAL_Driver/Src/stm32l1xx_hal_tim.o
 .text.TIM_OC2_SetConfig
                0x0800957c       0x7c ./Drivers/STM32L1xx_HAL_Driver/Src/stm32l1xx_hal_tim.o
 .text.TIM_OC3_SetConfig
                0x080095f8       0x7a ./Drivers/STM32L1xx_HAL_Driver/Src/stm32l1xx_hal_tim.o
 .text.TIM_OC4_SetConfig
                0x08009672       0x7c ./Drivers/STM32L1xx_HAL_Driver/Src/stm32l1xx_hal_tim.o
 .text.TIM_TI1_ConfigInputStage
                0x080096ee       0x5c ./Drivers/STM32L1xx_HAL_Driver/Src/stm32l1xx_hal_tim.o
 .text.TIM_TI2_ConfigInputStage
                0x0800974a       0x5e ./Drivers/STM32L1xx_HAL_Driver/Src/stm32l1xx_hal_tim.o
 .text.TIM_ITRx_SetConfig
                0x080097a8       0x34 ./Drivers/STM32L1xx_HAL_Driver/Src/stm32l1xx_hal_tim.o
 .text.TIM_ETR_SetConfig
                0x080097dc       0x3e ./Drivers/STM32L1xx_HAL_Driver/Src/stm32l1xx_hal_tim.o
 .text.TIM_CCxChannelCmd
                0x0800981a       0x48 ./Drivers/STM32L1xx_HAL_Driver/Src/stm32l1xx_hal_tim.o
 *fill*         0x08009862        0x2 
 .text.HAL_TIMEx_MasterConfigSynchronization
                0x08009864       0xbc ./Drivers/STM32L1xx_HAL_Driver/Src/stm32l1xx_hal_tim_ex.o
                0x08009864                HAL_TIMEx_MasterConfigSynchronization
 .text.HAL_UART_Init
                0x08009920       0xa0 ./Drivers/STM32L1xx_HAL_Driver/Src/stm32l1xx_hal_uart.o
                0x08009920                HAL_UART_Init
 .text.HAL_UART_Transmit
                0x080099c0      0x106 ./Drivers/STM32L1xx_HAL_Driver/Src/stm32l1xx_hal_uart.o
                0x080099c0                HAL_UART_Transmit
 .text.UART_WaitOnFlagUntilTimeout
                0x08009ac6       0xdc ./Drivers/STM32L1xx_HAL_Driver/Src/stm32l1xx_hal_uart.o
 *fill*         0x08009ba2        0x2 
 .text.UART_SetConfig
                0x08009ba4      0x1c8 ./Drivers/STM32L1xx_HAL_Driver/Src/stm32l1xx_hal_uart.o
 .text.SPI_CS_High
                0x08009d6c       0x18 ./Drivers/display/max7219_Yncrea2.o
                0x08009d6c                SPI_CS_High
 .text.SPI_CS_Low
                0x08009d84       0x18 ./Drivers/display/max7219_Yncrea2.o
                0x08009d84                SPI_CS_Low
 .text.MAX7219_Init
                0x08009d9c       0x2a ./Drivers/display/max7219_Yncrea2.o
                0x08009d9c                MAX7219_Init
 .text.MAX7219_ShutdownStop
                0x08009dc6       0x10 ./Drivers/display/max7219_Yncrea2.o
                0x08009dc6                MAX7219_ShutdownStop
 .text.MAX7219_DisplayTestStart
                0x08009dd6       0x10 ./Drivers/display/max7219_Yncrea2.o
                0x08009dd6                MAX7219_DisplayTestStart
 .text.MAX7219_DisplayTestStop
                0x08009de6       0x10 ./Drivers/display/max7219_Yncrea2.o
                0x08009de6                MAX7219_DisplayTestStop
 .text.MAX7219_SetBrightness
                0x08009df6       0x24 ./Drivers/display/max7219_Yncrea2.o
                0x08009df6                MAX7219_SetBrightness
 .text.MAX7219_Clear
                0x08009e1a       0x2c ./Drivers/display/max7219_Yncrea2.o
                0x08009e1a                MAX7219_Clear
 .text.MAX7219_DisplayChar
                0x08009e46       0x2e ./Drivers/display/max7219_Yncrea2.o
                0x08009e46                MAX7219_DisplayChar
 .text.MAX7219_LookupCode
                0x08009e74       0x4c ./Drivers/display/max7219_Yncrea2.o
 .text.MAX7219_Write
                0x08009ec0       0x34 ./Drivers/display/max7219_Yncrea2.o
 .text.MAX7219_SendByte
                0x08009ef4       0x24 ./Drivers/display/max7219_Yncrea2.o
 .text.__cvt    0x08009f18       0xc8 C:/ST/STM32CubeIDE_1.15.0/STM32CubeIDE/plugins/com.st.stm32cube.ide.mcu.externaltools.gnu-tools-for-stm32.12.3.rel1.win32_1.0.100.202403111256/tools/bin/../lib/gcc/arm-none-eabi/12.3.1/../../../../arm-none-eabi/lib/thumb/v7-m/nofp\libc_nano.a(libc_a-nano-vfprintf_float.o)
                0x08009f18                __cvt
 .text.__exponent
                0x08009fe0       0x74 C:/ST/STM32CubeIDE_1.15.0/STM32CubeIDE/plugins/com.st.stm32cube.ide.mcu.externaltools.gnu-tools-for-stm32.12.3.rel1.win32_1.0.100.202403111256/tools/bin/../lib/gcc/arm-none-eabi/12.3.1/../../../../arm-none-eabi/lib/thumb/v7-m/nofp\libc_nano.a(libc_a-nano-vfprintf_float.o)
                0x08009fe0                __exponent
 .text._printf_float
                0x0800a054      0x458 C:/ST/STM32CubeIDE_1.15.0/STM32CubeIDE/plugins/com.st.stm32cube.ide.mcu.externaltools.gnu-tools-for-stm32.12.3.rel1.win32_1.0.100.202403111256/tools/bin/../lib/gcc/arm-none-eabi/12.3.1/../../../../arm-none-eabi/lib/thumb/v7-m/nofp\libc_nano.a(libc_a-nano-vfprintf_float.o)
                0x0800a054                _printf_float
 .text._printf_common
                0x0800a4ac       0xe4 C:/ST/STM32CubeIDE_1.15.0/STM32CubeIDE/plugins/com.st.stm32cube.ide.mcu.externaltools.gnu-tools-for-stm32.12.3.rel1.win32_1.0.100.202403111256/tools/bin/../lib/gcc/arm-none-eabi/12.3.1/../../../../arm-none-eabi/lib/thumb/v7-m/nofp\libc_nano.a(libc_a-nano-vfprintf_i.o)
                0x0800a4ac                _printf_common
 .text._printf_i
                0x0800a590      0x240 C:/ST/STM32CubeIDE_1.15.0/STM32CubeIDE/plugins/com.st.stm32cube.ide.mcu.externaltools.gnu-tools-for-stm32.12.3.rel1.win32_1.0.100.202403111256/tools/bin/../lib/gcc/arm-none-eabi/12.3.1/../../../../arm-none-eabi/lib/thumb/v7-m/nofp\libc_nano.a(libc_a-nano-vfprintf_i.o)
                0x0800a590                _printf_i
 .text.std      0x0800a7d0       0x6c C:/ST/STM32CubeIDE_1.15.0/STM32CubeIDE/plugins/com.st.stm32cube.ide.mcu.externaltools.gnu-tools-for-stm32.12.3.rel1.win32_1.0.100.202403111256/tools/bin/../lib/gcc/arm-none-eabi/12.3.1/../../../../arm-none-eabi/lib/thumb/v7-m/nofp\libc_nano.a(libc_a-findfp.o)
 .text.stdio_exit_handler
                0x0800a83c       0x18 C:/ST/STM32CubeIDE_1.15.0/STM32CubeIDE/plugins/com.st.stm32cube.ide.mcu.externaltools.gnu-tools-for-stm32.12.3.rel1.win32_1.0.100.202403111256/tools/bin/../lib/gcc/arm-none-eabi/12.3.1/../../../../arm-none-eabi/lib/thumb/v7-m/nofp\libc_nano.a(libc_a-findfp.o)
 .text.cleanup_stdio
                0x0800a854       0x40 C:/ST/STM32CubeIDE_1.15.0/STM32CubeIDE/plugins/com.st.stm32cube.ide.mcu.externaltools.gnu-tools-for-stm32.12.3.rel1.win32_1.0.100.202403111256/tools/bin/../lib/gcc/arm-none-eabi/12.3.1/../../../../arm-none-eabi/lib/thumb/v7-m/nofp\libc_nano.a(libc_a-findfp.o)
 .text.global_stdio_init.part.0
                0x0800a894       0x3c C:/ST/STM32CubeIDE_1.15.0/STM32CubeIDE/plugins/com.st.stm32cube.ide.mcu.externaltools.gnu-tools-for-stm32.12.3.rel1.win32_1.0.100.202403111256/tools/bin/../lib/gcc/arm-none-eabi/12.3.1/../../../../arm-none-eabi/lib/thumb/v7-m/nofp\libc_nano.a(libc_a-findfp.o)
 .text.__sfp_lock_acquire
                0x0800a8d0        0xc C:/ST/STM32CubeIDE_1.15.0/STM32CubeIDE/plugins/com.st.stm32cube.ide.mcu.externaltools.gnu-tools-for-stm32.12.3.rel1.win32_1.0.100.202403111256/tools/bin/../lib/gcc/arm-none-eabi/12.3.1/../../../../arm-none-eabi/lib/thumb/v7-m/nofp\libc_nano.a(libc_a-findfp.o)
                0x0800a8d0                __sfp_lock_acquire
 .text.__sfp_lock_release
                0x0800a8dc        0xc C:/ST/STM32CubeIDE_1.15.0/STM32CubeIDE/plugins/com.st.stm32cube.ide.mcu.externaltools.gnu-tools-for-stm32.12.3.rel1.win32_1.0.100.202403111256/tools/bin/../lib/gcc/arm-none-eabi/12.3.1/../../../../arm-none-eabi/lib/thumb/v7-m/nofp\libc_nano.a(libc_a-findfp.o)
                0x0800a8dc                __sfp_lock_release
 .text.__sinit  0x0800a8e8       0x30 C:/ST/STM32CubeIDE_1.15.0/STM32CubeIDE/plugins/com.st.stm32cube.ide.mcu.externaltools.gnu-tools-for-stm32.12.3.rel1.win32_1.0.100.202403111256/tools/bin/../lib/gcc/arm-none-eabi/12.3.1/../../../../arm-none-eabi/lib/thumb/v7-m/nofp\libc_nano.a(libc_a-findfp.o)
                0x0800a8e8                __sinit
 .text._fwalk_sglue
                0x0800a918       0x3c C:/ST/STM32CubeIDE_1.15.0/STM32CubeIDE/plugins/com.st.stm32cube.ide.mcu.externaltools.gnu-tools-for-stm32.12.3.rel1.win32_1.0.100.202403111256/tools/bin/../lib/gcc/arm-none-eabi/12.3.1/../../../../arm-none-eabi/lib/thumb/v7-m/nofp\libc_nano.a(libc_a-fwalk.o)
                0x0800a918                _fwalk_sglue
 .text.printf   0x0800a954       0x24 C:/ST/STM32CubeIDE_1.15.0/STM32CubeIDE/plugins/com.st.stm32cube.ide.mcu.externaltools.gnu-tools-for-stm32.12.3.rel1.win32_1.0.100.202403111256/tools/bin/../lib/gcc/arm-none-eabi/12.3.1/../../../../arm-none-eabi/lib/thumb/v7-m/nofp\libc_nano.a(libc_a-printf.o)
                0x0800a954                iprintf
                0x0800a954                printf
 .text._puts_r  0x0800a978       0xaa C:/ST/STM32CubeIDE_1.15.0/STM32CubeIDE/plugins/com.st.stm32cube.ide.mcu.externaltools.gnu-tools-for-stm32.12.3.rel1.win32_1.0.100.202403111256/tools/bin/../lib/gcc/arm-none-eabi/12.3.1/../../../../arm-none-eabi/lib/thumb/v7-m/nofp\libc_nano.a(libc_a-puts.o)
                0x0800a978                _puts_r
 *fill*         0x0800aa22        0x2 
 .text.puts     0x0800aa24       0x10 C:/ST/STM32CubeIDE_1.15.0/STM32CubeIDE/plugins/com.st.stm32cube.ide.mcu.externaltools.gnu-tools-for-stm32.12.3.rel1.win32_1.0.100.202403111256/tools/bin/../lib/gcc/arm-none-eabi/12.3.1/../../../../arm-none-eabi/lib/thumb/v7-m/nofp\libc_nano.a(libc_a-puts.o)
                0x0800aa24                puts
 .text.snprintf
                0x0800aa34       0x68 C:/ST/STM32CubeIDE_1.15.0/STM32CubeIDE/plugins/com.st.stm32cube.ide.mcu.externaltools.gnu-tools-for-stm32.12.3.rel1.win32_1.0.100.202403111256/tools/bin/../lib/gcc/arm-none-eabi/12.3.1/../../../../arm-none-eabi/lib/thumb/v7-m/nofp\libc_nano.a(libc_a-snprintf.o)
                0x0800aa34                sniprintf
                0x0800aa34                snprintf
 .text.__sread  0x0800aa9c       0x22 C:/ST/STM32CubeIDE_1.15.0/STM32CubeIDE/plugins/com.st.stm32cube.ide.mcu.externaltools.gnu-tools-for-stm32.12.3.rel1.win32_1.0.100.202403111256/tools/bin/../lib/gcc/arm-none-eabi/12.3.1/../../../../arm-none-eabi/lib/thumb/v7-m/nofp\libc_nano.a(libc_a-stdio.o)
                0x0800aa9c                __sread
 .text.__swrite
                0x0800aabe       0x38 C:/ST/STM32CubeIDE_1.15.0/STM32CubeIDE/plugins/com.st.stm32cube.ide.mcu.externaltools.gnu-tools-for-stm32.12.3.rel1.win32_1.0.100.202403111256/tools/bin/../lib/gcc/arm-none-eabi/12.3.1/../../../../arm-none-eabi/lib/thumb/v7-m/nofp\libc_nano.a(libc_a-stdio.o)
                0x0800aabe                __swrite
 .text.__sseek  0x0800aaf6       0x24 C:/ST/STM32CubeIDE_1.15.0/STM32CubeIDE/plugins/com.st.stm32cube.ide.mcu.externaltools.gnu-tools-for-stm32.12.3.rel1.win32_1.0.100.202403111256/tools/bin/../lib/gcc/arm-none-eabi/12.3.1/../../../../arm-none-eabi/lib/thumb/v7-m/nofp\libc_nano.a(libc_a-stdio.o)
                0x0800aaf6                __sseek
 .text.__sclose
                0x0800ab1a        0x8 C:/ST/STM32CubeIDE_1.15.0/STM32CubeIDE/plugins/com.st.stm32cube.ide.mcu.externaltools.gnu-tools-for-stm32.12.3.rel1.win32_1.0.100.202403111256/tools/bin/../lib/gcc/arm-none-eabi/12.3.1/../../../../arm-none-eabi/lib/thumb/v7-m/nofp\libc_nano.a(libc_a-stdio.o)
                0x0800ab1a                __sclose
 .text.__swbuf_r
                0x0800ab22       0x7c C:/ST/STM32CubeIDE_1.15.0/STM32CubeIDE/plugins/com.st.stm32cube.ide.mcu.externaltools.gnu-tools-for-stm32.12.3.rel1.win32_1.0.100.202403111256/tools/bin/../lib/gcc/arm-none-eabi/12.3.1/../../../../arm-none-eabi/lib/thumb/v7-m/nofp\libc_nano.a(libc_a-wbuf.o)
                0x0800ab22                __swbuf_r
 *fill*         0x0800ab9e        0x2 
 .text.__swsetup_r
                0x0800aba0       0xac C:/ST/STM32CubeIDE_1.15.0/STM32CubeIDE/plugins/com.st.stm32cube.ide.mcu.externaltools.gnu-tools-for-stm32.12.3.rel1.win32_1.0.100.202403111256/tools/bin/../lib/gcc/arm-none-eabi/12.3.1/../../../../arm-none-eabi/lib/thumb/v7-m/nofp\libc_nano.a(libc_a-wsetup.o)
                0x0800aba0                __swsetup_r
 .text.memset   0x0800ac4c       0x10 C:/ST/STM32CubeIDE_1.15.0/STM32CubeIDE/plugins/com.st.stm32cube.ide.mcu.externaltools.gnu-tools-for-stm32.12.3.rel1.win32_1.0.100.202403111256/tools/bin/../lib/gcc/arm-none-eabi/12.3.1/../../../../arm-none-eabi/lib/thumb/v7-m/nofp\libc_nano.a(libc_a-memset.o)
                0x0800ac4c                memset
 .text._localeconv_r
                0x0800ac5c        0x8 C:/ST/STM32CubeIDE_1.15.0/STM32CubeIDE/plugins/com.st.stm32cube.ide.mcu.externaltools.gnu-tools-for-stm32.12.3.rel1.win32_1.0.100.202403111256/tools/bin/../lib/gcc/arm-none-eabi/12.3.1/../../../../arm-none-eabi/lib/thumb/v7-m/nofp\libc_nano.a(libc_a-localeconv.o)
                0x0800ac5c                _localeconv_r
 .text._close_r
                0x0800ac64       0x20 C:/ST/STM32CubeIDE_1.15.0/STM32CubeIDE/plugins/com.st.stm32cube.ide.mcu.externaltools.gnu-tools-for-stm32.12.3.rel1.win32_1.0.100.202403111256/tools/bin/../lib/gcc/arm-none-eabi/12.3.1/../../../../arm-none-eabi/lib/thumb/v7-m/nofp\libc_nano.a(libc_a-closer.o)
                0x0800ac64                _close_r
 .text._lseek_r
                0x0800ac84       0x24 C:/ST/STM32CubeIDE_1.15.0/STM32CubeIDE/plugins/com.st.stm32cube.ide.mcu.externaltools.gnu-tools-for-stm32.12.3.rel1.win32_1.0.100.202403111256/tools/bin/../lib/gcc/arm-none-eabi/12.3.1/../../../../arm-none-eabi/lib/thumb/v7-m/nofp\libc_nano.a(libc_a-lseekr.o)
                0x0800ac84                _lseek_r
 .text._read_r  0x0800aca8       0x24 C:/ST/STM32CubeIDE_1.15.0/STM32CubeIDE/plugins/com.st.stm32cube.ide.mcu.externaltools.gnu-tools-for-stm32.12.3.rel1.win32_1.0.100.202403111256/tools/bin/../lib/gcc/arm-none-eabi/12.3.1/../../../../arm-none-eabi/lib/thumb/v7-m/nofp\libc_nano.a(libc_a-readr.o)
                0x0800aca8                _read_r
 .text._write_r
                0x0800accc       0x24 C:/ST/STM32CubeIDE_1.15.0/STM32CubeIDE/plugins/com.st.stm32cube.ide.mcu.externaltools.gnu-tools-for-stm32.12.3.rel1.win32_1.0.100.202403111256/tools/bin/../lib/gcc/arm-none-eabi/12.3.1/../../../../arm-none-eabi/lib/thumb/v7-m/nofp\libc_nano.a(libc_a-writer.o)
                0x0800accc                _write_r
 .text.__errno  0x0800acf0        0xc C:/ST/STM32CubeIDE_1.15.0/STM32CubeIDE/plugins/com.st.stm32cube.ide.mcu.externaltools.gnu-tools-for-stm32.12.3.rel1.win32_1.0.100.202403111256/tools/bin/../lib/gcc/arm-none-eabi/12.3.1/../../../../arm-none-eabi/lib/thumb/v7-m/nofp\libc_nano.a(libc_a-errno.o)
                0x0800acf0                __errno
 .text.__libc_init_array
                0x0800acfc       0x48 C:/ST/STM32CubeIDE_1.15.0/STM32CubeIDE/plugins/com.st.stm32cube.ide.mcu.externaltools.gnu-tools-for-stm32.12.3.rel1.win32_1.0.100.202403111256/tools/bin/../lib/gcc/arm-none-eabi/12.3.1/../../../../arm-none-eabi/lib/thumb/v7-m/nofp\libc_nano.a(libc_a-init.o)
                0x0800acfc                __libc_init_array
 .text.__retarget_lock_init_recursive
                0x0800ad44        0x2 C:/ST/STM32CubeIDE_1.15.0/STM32CubeIDE/plugins/com.st.stm32cube.ide.mcu.externaltools.gnu-tools-for-stm32.12.3.rel1.win32_1.0.100.202403111256/tools/bin/../lib/gcc/arm-none-eabi/12.3.1/../../../../arm-none-eabi/lib/thumb/v7-m/nofp\libc_nano.a(libc_a-lock.o)
                0x0800ad44                __retarget_lock_init_recursive
 .text.__retarget_lock_acquire_recursive
                0x0800ad46        0x2 C:/ST/STM32CubeIDE_1.15.0/STM32CubeIDE/plugins/com.st.stm32cube.ide.mcu.externaltools.gnu-tools-for-stm32.12.3.rel1.win32_1.0.100.202403111256/tools/bin/../lib/gcc/arm-none-eabi/12.3.1/../../../../arm-none-eabi/lib/thumb/v7-m/nofp\libc_nano.a(libc_a-lock.o)
                0x0800ad46                __retarget_lock_acquire_recursive
 .text.__retarget_lock_release_recursive
                0x0800ad48        0x2 C:/ST/STM32CubeIDE_1.15.0/STM32CubeIDE/plugins/com.st.stm32cube.ide.mcu.externaltools.gnu-tools-for-stm32.12.3.rel1.win32_1.0.100.202403111256/tools/bin/../lib/gcc/arm-none-eabi/12.3.1/../../../../arm-none-eabi/lib/thumb/v7-m/nofp\libc_nano.a(libc_a-lock.o)
                0x0800ad48                __retarget_lock_release_recursive
 .text.memchr   0x0800ad4a       0x1c C:/ST/STM32CubeIDE_1.15.0/STM32CubeIDE/plugins/com.st.stm32cube.ide.mcu.externaltools.gnu-tools-for-stm32.12.3.rel1.win32_1.0.100.202403111256/tools/bin/../lib/gcc/arm-none-eabi/12.3.1/../../../../arm-none-eabi/lib/thumb/v7-m/nofp\libc_nano.a(libc_a-memchr-stub.o)
                0x0800ad4a                memchr
 .text.quorem   0x0800ad66      0x110 C:/ST/STM32CubeIDE_1.15.0/STM32CubeIDE/plugins/com.st.stm32cube.ide.mcu.externaltools.gnu-tools-for-stm32.12.3.rel1.win32_1.0.100.202403111256/tools/bin/../lib/gcc/arm-none-eabi/12.3.1/../../../../arm-none-eabi/lib/thumb/v7-m/nofp\libc_nano.a(libc_a-dtoa.o)
 *fill*         0x0800ae76        0x2 
 .text._dtoa_r  0x0800ae78      0xb90 C:/ST/STM32CubeIDE_1.15.0/STM32CubeIDE/plugins/com.st.stm32cube.ide.mcu.externaltools.gnu-tools-for-stm32.12.3.rel1.win32_1.0.100.202403111256/tools/bin/../lib/gcc/arm-none-eabi/12.3.1/../../../../arm-none-eabi/lib/thumb/v7-m/nofp\libc_nano.a(libc_a-dtoa.o)
                0x0800ae78                _dtoa_r
 .text._free_r  0x0800ba08       0x90 C:/ST/STM32CubeIDE_1.15.0/STM32CubeIDE/plugins/com.st.stm32cube.ide.mcu.externaltools.gnu-tools-for-stm32.12.3.rel1.win32_1.0.100.202403111256/tools/bin/../lib/gcc/arm-none-eabi/12.3.1/../../../../arm-none-eabi/lib/thumb/v7-m/nofp\libc_nano.a(libc_a-freer.o)
                0x0800ba08                _free_r
 .text.malloc   0x0800ba98       0x10 C:/ST/STM32CubeIDE_1.15.0/STM32CubeIDE/plugins/com.st.stm32cube.ide.mcu.externaltools.gnu-tools-for-stm32.12.3.rel1.win32_1.0.100.202403111256/tools/bin/../lib/gcc/arm-none-eabi/12.3.1/../../../../arm-none-eabi/lib/thumb/v7-m/nofp\libc_nano.a(libc_a-malloc.o)
                0x0800ba98                malloc
 .text.sbrk_aligned
                0x0800baa8       0x44 C:/ST/STM32CubeIDE_1.15.0/STM32CubeIDE/plugins/com.st.stm32cube.ide.mcu.externaltools.gnu-tools-for-stm32.12.3.rel1.win32_1.0.100.202403111256/tools/bin/../lib/gcc/arm-none-eabi/12.3.1/../../../../arm-none-eabi/lib/thumb/v7-m/nofp\libc_nano.a(libc_a-mallocr.o)
 .text._malloc_r
                0x0800baec      0x100 C:/ST/STM32CubeIDE_1.15.0/STM32CubeIDE/plugins/com.st.stm32cube.ide.mcu.externaltools.gnu-tools-for-stm32.12.3.rel1.win32_1.0.100.202403111256/tools/bin/../lib/gcc/arm-none-eabi/12.3.1/../../../../arm-none-eabi/lib/thumb/v7-m/nofp\libc_nano.a(libc_a-mallocr.o)
                0x0800baec                _malloc_r
 .text.__malloc_lock
                0x0800bbec        0xc C:/ST/STM32CubeIDE_1.15.0/STM32CubeIDE/plugins/com.st.stm32cube.ide.mcu.externaltools.gnu-tools-for-stm32.12.3.rel1.win32_1.0.100.202403111256/tools/bin/../lib/gcc/arm-none-eabi/12.3.1/../../../../arm-none-eabi/lib/thumb/v7-m/nofp\libc_nano.a(libc_a-mlock.o)
                0x0800bbec                __malloc_lock
 .text.__malloc_unlock
                0x0800bbf8        0xc C:/ST/STM32CubeIDE_1.15.0/STM32CubeIDE/plugins/com.st.stm32cube.ide.mcu.externaltools.gnu-tools-for-stm32.12.3.rel1.win32_1.0.100.202403111256/tools/bin/../lib/gcc/arm-none-eabi/12.3.1/../../../../arm-none-eabi/lib/thumb/v7-m/nofp\libc_nano.a(libc_a-mlock.o)
                0x0800bbf8                __malloc_unlock
 .text._Balloc  0x0800bc04       0x80 C:/ST/STM32CubeIDE_1.15.0/STM32CubeIDE/plugins/com.st.stm32cube.ide.mcu.externaltools.gnu-tools-for-stm32.12.3.rel1.win32_1.0.100.202403111256/tools/bin/../lib/gcc/arm-none-eabi/12.3.1/../../../../arm-none-eabi/lib/thumb/v7-m/nofp\libc_nano.a(libc_a-mprec.o)
                0x0800bc04                _Balloc
 .text._Bfree   0x0800bc84       0x44 C:/ST/STM32CubeIDE_1.15.0/STM32CubeIDE/plugins/com.st.stm32cube.ide.mcu.externaltools.gnu-tools-for-stm32.12.3.rel1.win32_1.0.100.202403111256/tools/bin/../lib/gcc/arm-none-eabi/12.3.1/../../../../arm-none-eabi/lib/thumb/v7-m/nofp\libc_nano.a(libc_a-mprec.o)
                0x0800bc84                _Bfree
 .text.__multadd
                0x0800bcc8       0x8c C:/ST/STM32CubeIDE_1.15.0/STM32CubeIDE/plugins/com.st.stm32cube.ide.mcu.externaltools.gnu-tools-for-stm32.12.3.rel1.win32_1.0.100.202403111256/tools/bin/../lib/gcc/arm-none-eabi/12.3.1/../../../../arm-none-eabi/lib/thumb/v7-m/nofp\libc_nano.a(libc_a-mprec.o)
                0x0800bcc8                __multadd
 .text.__hi0bits
                0x0800bd54       0x3e C:/ST/STM32CubeIDE_1.15.0/STM32CubeIDE/plugins/com.st.stm32cube.ide.mcu.externaltools.gnu-tools-for-stm32.12.3.rel1.win32_1.0.100.202403111256/tools/bin/../lib/gcc/arm-none-eabi/12.3.1/../../../../arm-none-eabi/lib/thumb/v7-m/nofp\libc_nano.a(libc_a-mprec.o)
                0x0800bd54                __hi0bits
 .text.__lo0bits
                0x0800bd92       0x5a C:/ST/STM32CubeIDE_1.15.0/STM32CubeIDE/plugins/com.st.stm32cube.ide.mcu.externaltools.gnu-tools-for-stm32.12.3.rel1.win32_1.0.100.202403111256/tools/bin/../lib/gcc/arm-none-eabi/12.3.1/../../../../arm-none-eabi/lib/thumb/v7-m/nofp\libc_nano.a(libc_a-mprec.o)
                0x0800bd92                __lo0bits
 .text.__i2b    0x0800bdec       0x2c C:/ST/STM32CubeIDE_1.15.0/STM32CubeIDE/plugins/com.st.stm32cube.ide.mcu.externaltools.gnu-tools-for-stm32.12.3.rel1.win32_1.0.100.202403111256/tools/bin/../lib/gcc/arm-none-eabi/12.3.1/../../../../arm-none-eabi/lib/thumb/v7-m/nofp\libc_nano.a(libc_a-mprec.o)
                0x0800bdec                __i2b
 .text.__multiply
                0x0800be18      0x150 C:/ST/STM32CubeIDE_1.15.0/STM32CubeIDE/plugins/com.st.stm32cube.ide.mcu.externaltools.gnu-tools-for-stm32.12.3.rel1.win32_1.0.100.202403111256/tools/bin/../lib/gcc/arm-none-eabi/12.3.1/../../../../arm-none-eabi/lib/thumb/v7-m/nofp\libc_nano.a(libc_a-mprec.o)
                0x0800be18                __multiply
 .text.__pow5mult
                0x0800bf68       0xb4 C:/ST/STM32CubeIDE_1.15.0/STM32CubeIDE/plugins/com.st.stm32cube.ide.mcu.externaltools.gnu-tools-for-stm32.12.3.rel1.win32_1.0.100.202403111256/tools/bin/../lib/gcc/arm-none-eabi/12.3.1/../../../../arm-none-eabi/lib/thumb/v7-m/nofp\libc_nano.a(libc_a-mprec.o)
                0x0800bf68                __pow5mult
 .text.__lshift
                0x0800c01c       0xd8 C:/ST/STM32CubeIDE_1.15.0/STM32CubeIDE/plugins/com.st.stm32cube.ide.mcu.externaltools.gnu-tools-for-stm32.12.3.rel1.win32_1.0.100.202403111256/tools/bin/../lib/gcc/arm-none-eabi/12.3.1/../../../../arm-none-eabi/lib/thumb/v7-m/nofp\libc_nano.a(libc_a-mprec.o)
                0x0800c01c                __lshift
 .text.__mcmp   0x0800c0f4       0x36 C:/ST/STM32CubeIDE_1.15.0/STM32CubeIDE/plugins/com.st.stm32cube.ide.mcu.externaltools.gnu-tools-for-stm32.12.3.rel1.win32_1.0.100.202403111256/tools/bin/../lib/gcc/arm-none-eabi/12.3.1/../../../../arm-none-eabi/lib/thumb/v7-m/nofp\libc_nano.a(libc_a-mprec.o)
                0x0800c0f4                __mcmp
 *fill*         0x0800c12a        0x2 
 .text.__mdiff  0x0800c12c      0x128 C:/ST/STM32CubeIDE_1.15.0/STM32CubeIDE/plugins/com.st.stm32cube.ide.mcu.externaltools.gnu-tools-for-stm32.12.3.rel1.win32_1.0.100.202403111256/tools/bin/../lib/gcc/arm-none-eabi/12.3.1/../../../../arm-none-eabi/lib/thumb/v7-m/nofp\libc_nano.a(libc_a-mprec.o)
                0x0800c12c                __mdiff
 .text.__d2b    0x0800c254       0xb0 C:/ST/STM32CubeIDE_1.15.0/STM32CubeIDE/plugins/com.st.stm32cube.ide.mcu.externaltools.gnu-tools-for-stm32.12.3.rel1.win32_1.0.100.202403111256/tools/bin/../lib/gcc/arm-none-eabi/12.3.1/../../../../arm-none-eabi/lib/thumb/v7-m/nofp\libc_nano.a(libc_a-mprec.o)
                0x0800c254                __d2b
 .text.__ssputs_r
                0x0800c304       0xb6 C:/ST/STM32CubeIDE_1.15.0/STM32CubeIDE/plugins/com.st.stm32cube.ide.mcu.externaltools.gnu-tools-for-stm32.12.3.rel1.win32_1.0.100.202403111256/tools/bin/../lib/gcc/arm-none-eabi/12.3.1/../../../../arm-none-eabi/lib/thumb/v7-m/nofp\libc_nano.a(libc_a-nano-svfprintf.o)
                0x0800c304                __ssputs_r
 *fill*         0x0800c3ba        0x2 
 .text._svfprintf_r
                0x0800c3bc      0x1f8 C:/ST/STM32CubeIDE_1.15.0/STM32CubeIDE/plugins/com.st.stm32cube.ide.mcu.externaltools.gnu-tools-for-stm32.12.3.rel1.win32_1.0.100.202403111256/tools/bin/../lib/gcc/arm-none-eabi/12.3.1/../../../../arm-none-eabi/lib/thumb/v7-m/nofp\libc_nano.a(libc_a-nano-svfprintf.o)
                0x0800c3bc                _svfiprintf_r
                0x0800c3bc                _svfprintf_r
 .text.__sfputc_r
                0x0800c5b4       0x2a C:/ST/STM32CubeIDE_1.15.0/STM32CubeIDE/plugins/com.st.stm32cube.ide.mcu.externaltools.gnu-tools-for-stm32.12.3.rel1.win32_1.0.100.202403111256/tools/bin/../lib/gcc/arm-none-eabi/12.3.1/../../../../arm-none-eabi/lib/thumb/v7-m/nofp\libc_nano.a(libc_a-nano-vfprintf.o)
 .text.__sfputs_r
                0x0800c5de       0x24 C:/ST/STM32CubeIDE_1.15.0/STM32CubeIDE/plugins/com.st.stm32cube.ide.mcu.externaltools.gnu-tools-for-stm32.12.3.rel1.win32_1.0.100.202403111256/tools/bin/../lib/gcc/arm-none-eabi/12.3.1/../../../../arm-none-eabi/lib/thumb/v7-m/nofp\libc_nano.a(libc_a-nano-vfprintf.o)
                0x0800c5de                __sfputs_r
 *fill*         0x0800c602        0x2 
 .text._vfprintf_r
                0x0800c604      0x230 C:/ST/STM32CubeIDE_1.15.0/STM32CubeIDE/plugins/com.st.stm32cube.ide.mcu.externaltools.gnu-tools-for-stm32.12.3.rel1.win32_1.0.100.202403111256/tools/bin/../lib/gcc/arm-none-eabi/12.3.1/../../../../arm-none-eabi/lib/thumb/v7-m/nofp\libc_nano.a(libc_a-nano-vfprintf.o)
                0x0800c604                _vfprintf_r
                0x0800c604                _vfiprintf_r
 .text.__sflush_r
                0x0800c834      0x100 C:/ST/STM32CubeIDE_1.15.0/STM32CubeIDE/plugins/com.st.stm32cube.ide.mcu.externaltools.gnu-tools-for-stm32.12.3.rel1.win32_1.0.100.202403111256/tools/bin/../lib/gcc/arm-none-eabi/12.3.1/../../../../arm-none-eabi/lib/thumb/v7-m/nofp\libc_nano.a(libc_a-fflush.o)
                0x0800c834                __sflush_r
 .text._fflush_r
                0x0800c934       0x50 C:/ST/STM32CubeIDE_1.15.0/STM32CubeIDE/plugins/com.st.stm32cube.ide.mcu.externaltools.gnu-tools-for-stm32.12.3.rel1.win32_1.0.100.202403111256/tools/bin/../lib/gcc/arm-none-eabi/12.3.1/../../../../arm-none-eabi/lib/thumb/v7-m/nofp\libc_nano.a(libc_a-fflush.o)
                0x0800c934                _fflush_r
 .text.__swhatbuf_r
                0x0800c984       0x4a C:/ST/STM32CubeIDE_1.15.0/STM32CubeIDE/plugins/com.st.stm32cube.ide.mcu.externaltools.gnu-tools-for-stm32.12.3.rel1.win32_1.0.100.202403111256/tools/bin/../lib/gcc/arm-none-eabi/12.3.1/../../../../arm-none-eabi/lib/thumb/v7-m/nofp\libc_nano.a(libc_a-makebuf.o)
                0x0800c984                __swhatbuf_r
 .text.__smakebuf_r
                0x0800c9ce       0x78 C:/ST/STM32CubeIDE_1.15.0/STM32CubeIDE/plugins/com.st.stm32cube.ide.mcu.externaltools.gnu-tools-for-stm32.12.3.rel1.win32_1.0.100.202403111256/tools/bin/../lib/gcc/arm-none-eabi/12.3.1/../../../../arm-none-eabi/lib/thumb/v7-m/nofp\libc_nano.a(libc_a-makebuf.o)
                0x0800c9ce                __smakebuf_r
 .text.memmove  0x0800ca46       0x34 C:/ST/STM32CubeIDE_1.15.0/STM32CubeIDE/plugins/com.st.stm32cube.ide.mcu.externaltools.gnu-tools-for-stm32.12.3.rel1.win32_1.0.100.202403111256/tools/bin/../lib/gcc/arm-none-eabi/12.3.1/../../../../arm-none-eabi/lib/thumb/v7-m/nofp\libc_nano.a(libc_a-memmove.o)
                0x0800ca46                memmove
 *fill*         0x0800ca7a        0x2 
 .text._fstat_r
                0x0800ca7c       0x24 C:/ST/STM32CubeIDE_1.15.0/STM32CubeIDE/plugins/com.st.stm32cube.ide.mcu.externaltools.gnu-tools-for-stm32.12.3.rel1.win32_1.0.100.202403111256/tools/bin/../lib/gcc/arm-none-eabi/12.3.1/../../../../arm-none-eabi/lib/thumb/v7-m/nofp\libc_nano.a(libc_a-fstatr.o)
                0x0800ca7c                _fstat_r
 .text._isatty_r
                0x0800caa0       0x20 C:/ST/STM32CubeIDE_1.15.0/STM32CubeIDE/plugins/com.st.stm32cube.ide.mcu.externaltools.gnu-tools-for-stm32.12.3.rel1.win32_1.0.100.202403111256/tools/bin/../lib/gcc/arm-none-eabi/12.3.1/../../../../arm-none-eabi/lib/thumb/v7-m/nofp\libc_nano.a(libc_a-isattyr.o)
                0x0800caa0                _isatty_r
 .text._sbrk_r  0x0800cac0       0x20 C:/ST/STM32CubeIDE_1.15.0/STM32CubeIDE/plugins/com.st.stm32cube.ide.mcu.externaltools.gnu-tools-for-stm32.12.3.rel1.win32_1.0.100.202403111256/tools/bin/../lib/gcc/arm-none-eabi/12.3.1/../../../../arm-none-eabi/lib/thumb/v7-m/nofp\libc_nano.a(libc_a-sbrkr.o)
                0x0800cac0                _sbrk_r
 .text.memcpy   0x0800cae0       0x1c C:/ST/STM32CubeIDE_1.15.0/STM32CubeIDE/plugins/com.st.stm32cube.ide.mcu.externaltools.gnu-tools-for-stm32.12.3.rel1.win32_1.0.100.202403111256/tools/bin/../lib/gcc/arm-none-eabi/12.3.1/../../../../arm-none-eabi/lib/thumb/v7-m/nofp\libc_nano.a(libc_a-memcpy-stub.o)
                0x0800cae0                memcpy
 .text.__assert_func
                0x0800cafc       0x3c C:/ST/STM32CubeIDE_1.15.0/STM32CubeIDE/plugins/com.st.stm32cube.ide.mcu.externaltools.gnu-tools-for-stm32.12.3.rel1.win32_1.0.100.202403111256/tools/bin/../lib/gcc/arm-none-eabi/12.3.1/../../../../arm-none-eabi/lib/thumb/v7-m/nofp\libc_nano.a(libc_a-assert.o)
                0x0800cafc                __assert_func
 .text._calloc_r
                0x0800cb38       0x28 C:/ST/STM32CubeIDE_1.15.0/STM32CubeIDE/plugins/com.st.stm32cube.ide.mcu.externaltools.gnu-tools-for-stm32.12.3.rel1.win32_1.0.100.202403111256/tools/bin/../lib/gcc/arm-none-eabi/12.3.1/../../../../arm-none-eabi/lib/thumb/v7-m/nofp\libc_nano.a(libc_a-callocr.o)
                0x0800cb38                _calloc_r
 .text.__ascii_mbtowc
                0x0800cb60       0x24 C:/ST/STM32CubeIDE_1.15.0/STM32CubeIDE/plugins/com.st.stm32cube.ide.mcu.externaltools.gnu-tools-for-stm32.12.3.rel1.win32_1.0.100.202403111256/tools/bin/../lib/gcc/arm-none-eabi/12.3.1/../../../../arm-none-eabi/lib/thumb/v7-m/nofp\libc_nano.a(libc_a-mbtowc_r.o)
                0x0800cb60                __ascii_mbtowc
 .text._realloc_r
                0x0800cb84       0x5c C:/ST/STM32CubeIDE_1.15.0/STM32CubeIDE/plugins/com.st.stm32cube.ide.mcu.externaltools.gnu-tools-for-stm32.12.3.rel1.win32_1.0.100.202403111256/tools/bin/../lib/gcc/arm-none-eabi/12.3.1/../../../../arm-none-eabi/lib/thumb/v7-m/nofp\libc_nano.a(libc_a-reallocr.o)
                0x0800cb84                _realloc_r
 .text.__ascii_wctomb
                0x0800cbe0       0x1a C:/ST/STM32CubeIDE_1.15.0/STM32CubeIDE/plugins/com.st.stm32cube.ide.mcu.externaltools.gnu-tools-for-stm32.12.3.rel1.win32_1.0.100.202403111256/tools/bin/../lib/gcc/arm-none-eabi/12.3.1/../../../../arm-none-eabi/lib/thumb/v7-m/nofp\libc_nano.a(libc_a-wctomb_r.o)
                0x0800cbe0                __ascii_wctomb
 *fill*         0x0800cbfa        0x2 
 .text.fprintf  0x0800cbfc       0x24 C:/ST/STM32CubeIDE_1.15.0/STM32CubeIDE/plugins/com.st.stm32cube.ide.mcu.externaltools.gnu-tools-for-stm32.12.3.rel1.win32_1.0.100.202403111256/tools/bin/../lib/gcc/arm-none-eabi/12.3.1/../../../../arm-none-eabi/lib/thumb/v7-m/nofp\libc_nano.a(libc_a-fprintf.o)
                0x0800cbfc                fiprintf
                0x0800cbfc                fprintf
 .text.abort    0x0800cc20        0xe C:/ST/STM32CubeIDE_1.15.0/STM32CubeIDE/plugins/com.st.stm32cube.ide.mcu.externaltools.gnu-tools-for-stm32.12.3.rel1.win32_1.0.100.202403111256/tools/bin/../lib/gcc/arm-none-eabi/12.3.1/../../../../arm-none-eabi/lib/thumb/v7-m/nofp\libc_nano.a(libc_a-abort.o)
                0x0800cc20                abort
 .text._malloc_usable_size_r
                0x0800cc2e       0x10 C:/ST/STM32CubeIDE_1.15.0/STM32CubeIDE/plugins/com.st.stm32cube.ide.mcu.externaltools.gnu-tools-for-stm32.12.3.rel1.win32_1.0.100.202403111256/tools/bin/../lib/gcc/arm-none-eabi/12.3.1/../../../../arm-none-eabi/lib/thumb/v7-m/nofp\libc_nano.a(libc_a-msizer.o)
                0x0800cc2e                _malloc_usable_size_r
 .text._raise_r
                0x0800cc3e       0x50 C:/ST/STM32CubeIDE_1.15.0/STM32CubeIDE/plugins/com.st.stm32cube.ide.mcu.externaltools.gnu-tools-for-stm32.12.3.rel1.win32_1.0.100.202403111256/tools/bin/../lib/gcc/arm-none-eabi/12.3.1/../../../../arm-none-eabi/lib/thumb/v7-m/nofp\libc_nano.a(libc_a-signal.o)
                0x0800cc3e                _raise_r
 *fill*         0x0800cc8e        0x2 
 .text.raise    0x0800cc90       0x10 C:/ST/STM32CubeIDE_1.15.0/STM32CubeIDE/plugins/com.st.stm32cube.ide.mcu.externaltools.gnu-tools-for-stm32.12.3.rel1.win32_1.0.100.202403111256/tools/bin/../lib/gcc/arm-none-eabi/12.3.1/../../../../arm-none-eabi/lib/thumb/v7-m/nofp\libc_nano.a(libc_a-signal.o)
                0x0800cc90                raise
 .text._kill_r  0x0800cca0       0x24 C:/ST/STM32CubeIDE_1.15.0/STM32CubeIDE/plugins/com.st.stm32cube.ide.mcu.externaltools.gnu-tools-for-stm32.12.3.rel1.win32_1.0.100.202403111256/tools/bin/../lib/gcc/arm-none-eabi/12.3.1/../../../../arm-none-eabi/lib/thumb/v7-m/nofp\libc_nano.a(libc_a-signalr.o)
                0x0800cca0                _kill_r
 .text._getpid_r
                0x0800ccc4        0x4 C:/ST/STM32CubeIDE_1.15.0/STM32CubeIDE/plugins/com.st.stm32cube.ide.mcu.externaltools.gnu-tools-for-stm32.12.3.rel1.win32_1.0.100.202403111256/tools/bin/../lib/gcc/arm-none-eabi/12.3.1/../../../../arm-none-eabi/lib/thumb/v7-m/nofp\libc_nano.a(libc_a-signalr.o)
                0x0800ccc4                _getpid_r
 *(.glue_7)
 .glue_7        0x0800ccc8        0x0 linker stubs
 *(.glue_7t)
 .glue_7t       0x0800ccc8        0x0 linker stubs
 *(.eh_frame)
 .eh_frame      0x0800ccc8        0x0 C:/ST/STM32CubeIDE_1.15.0/STM32CubeIDE/plugins/com.st.stm32cube.ide.mcu.externaltools.gnu-tools-for-stm32.12.3.rel1.win32_1.0.100.202403111256/tools/bin/../lib/gcc/arm-none-eabi/12.3.1/thumb/v7-m/nofp/crtbegin.o
 *(.init)
 .init          0x0800ccc8        0x4 C:/ST/STM32CubeIDE_1.15.0/STM32CubeIDE/plugins/com.st.stm32cube.ide.mcu.externaltools.gnu-tools-for-stm32.12.3.rel1.win32_1.0.100.202403111256/tools/bin/../lib/gcc/arm-none-eabi/12.3.1/thumb/v7-m/nofp/crti.o
                0x0800ccc8                _init
 .init          0x0800cccc        0x8 C:/ST/STM32CubeIDE_1.15.0/STM32CubeIDE/plugins/com.st.stm32cube.ide.mcu.externaltools.gnu-tools-for-stm32.12.3.rel1.win32_1.0.100.202403111256/tools/bin/../lib/gcc/arm-none-eabi/12.3.1/thumb/v7-m/nofp/crtn.o
 *(.fini)
 .fini          0x0800ccd4        0x4 C:/ST/STM32CubeIDE_1.15.0/STM32CubeIDE/plugins/com.st.stm32cube.ide.mcu.externaltools.gnu-tools-for-stm32.12.3.rel1.win32_1.0.100.202403111256/tools/bin/../lib/gcc/arm-none-eabi/12.3.1/thumb/v7-m/nofp/crti.o
                0x0800ccd4                _fini
 .fini          0x0800ccd8        0x8 C:/ST/STM32CubeIDE_1.15.0/STM32CubeIDE/plugins/com.st.stm32cube.ide.mcu.externaltools.gnu-tools-for-stm32.12.3.rel1.win32_1.0.100.202403111256/tools/bin/../lib/gcc/arm-none-eabi/12.3.1/thumb/v7-m/nofp/crtn.o
                0x0800cce0                        . = ALIGN (0x4)
                0x0800cce0                        _etext = .

.vfp11_veneer   0x0800cce0        0x0
 .vfp11_veneer  0x0800cce0        0x0 linker stubs

.v4_bx          0x0800cce0        0x0
 .v4_bx         0x0800cce0        0x0 linker stubs

.iplt           0x0800cce0        0x0
 .iplt          0x0800cce0        0x0 C:/ST/STM32CubeIDE_1.15.0/STM32CubeIDE/plugins/com.st.stm32cube.ide.mcu.externaltools.gnu-tools-for-stm32.12.3.rel1.win32_1.0.100.202403111256/tools/bin/../lib/gcc/arm-none-eabi/12.3.1/thumb/v7-m/nofp/crtbegin.o

.rodata         0x0800cce0      0x670
                0x0800cce0                        . = ALIGN (0x4)
 *(.rodata)
 .rodata        0x0800cce0      0x1c4 ./Core/Src/main.o
 .rodata        0x0800cea4       0xe0 ./Core/Src/stm32l1xx_it.o
 *(.rodata*)
 .rodata.PLLMulTable
                0x0800cf84        0x9 ./Core/Src/system_stm32l1xx.o
                0x0800cf84                PLLMulTable
 *fill*         0x0800cf8d        0x3 
 .rodata.AHBPrescTable
                0x0800cf90       0x10 ./Core/Src/system_stm32l1xx.o
                0x0800cf90                AHBPrescTable
 .rodata.APBPrescTable
                0x0800cfa0        0x8 ./Core/Src/system_stm32l1xx.o
                0x0800cfa0                APBPrescTable
 .rodata.MAX7219_Font
                0x0800cfa8       0x3a ./Drivers/display/max7219_Yncrea2.o
 .rodata._printf_float.str1.1
                0x0800cfe2       0x12 C:/ST/STM32CubeIDE_1.15.0/STM32CubeIDE/plugins/com.st.stm32cube.ide.mcu.externaltools.gnu-tools-for-stm32.12.3.rel1.win32_1.0.100.202403111256/tools/bin/../lib/gcc/arm-none-eabi/12.3.1/../../../../arm-none-eabi/lib/thumb/v7-m/nofp\libc_nano.a(libc_a-nano-vfprintf_float.o)
 .rodata._printf_i.str1.1
                0x0800cff4       0x22 C:/ST/STM32CubeIDE_1.15.0/STM32CubeIDE/plugins/com.st.stm32cube.ide.mcu.externaltools.gnu-tools-for-stm32.12.3.rel1.win32_1.0.100.202403111256/tools/bin/../lib/gcc/arm-none-eabi/12.3.1/../../../../arm-none-eabi/lib/thumb/v7-m/nofp\libc_nano.a(libc_a-nano-vfprintf_i.o)
 .rodata._dtoa_r.str1.1
                0x0800d016       0x8d C:/ST/STM32CubeIDE_1.15.0/STM32CubeIDE/plugins/com.st.stm32cube.ide.mcu.externaltools.gnu-tools-for-stm32.12.3.rel1.win32_1.0.100.202403111256/tools/bin/../lib/gcc/arm-none-eabi/12.3.1/../../../../arm-none-eabi/lib/thumb/v7-m/nofp\libc_nano.a(libc_a-dtoa.o)
                                 0x8f (size before relaxing)
 .rodata._Balloc.str1.1
                0x0800d0a3       0x59 C:/ST/STM32CubeIDE_1.15.0/STM32CubeIDE/plugins/com.st.stm32cube.ide.mcu.externaltools.gnu-tools-for-stm32.12.3.rel1.win32_1.0.100.202403111256/tools/bin/../lib/gcc/arm-none-eabi/12.3.1/../../../../arm-none-eabi/lib/thumb/v7-m/nofp\libc_nano.a(libc_a-mprec.o)
                                 0x70 (size before relaxing)
 .rodata.__multadd.str1.1
                0x0800d0fc       0x11 C:/ST/STM32CubeIDE_1.15.0/STM32CubeIDE/plugins/com.st.stm32cube.ide.mcu.externaltools.gnu-tools-for-stm32.12.3.rel1.win32_1.0.100.202403111256/tools/bin/../lib/gcc/arm-none-eabi/12.3.1/../../../../arm-none-eabi/lib/thumb/v7-m/nofp\libc_nano.a(libc_a-mprec.o)