../Core/Src/stm32l1xx_it.c:87:6:NMI_Handler	0	static
../Core/Src/stm32l1xx_it.c:102:6:HardFault_Handler	0	static
../Core/Src/stm32l1xx_it.c:117:6:MemManage_Handler	0	static
../Core/Src/stm32l1xx_it.c:132:6:BusFault_Handler	0	static
../Core/Src/stm32l1xx_it.c:147:6:UsageFault_Handler	0	static
../Core/Src/stm32l1xx_it.c:162:6:SVC_Handler	0	static
../Core/Src/stm32l1xx_it.c:175:6:DebugMon_Handler	0	static
../Core/Src/stm32l1xx_it.c:188:6:PendSV_Handler	0	static
../Core/Src/stm32l1xx_it.c:201:6:SysTick_Handler	0	static
../Core/Src/stm32l1xx_it.c:222:6:ADC1_IRQHandler	0	static
../Core/Src/stm32l1xx_it.c:236:6:EXTI9_5_IRQHandler	8	static
../Core/Src/stm32l1xx_it.c:251:6:TIM3_IRQHandler	0	static
../Core/Src/stm32l1xx_it.c:265:6:SPI1_IRQHandler	0	static
../Core/Src/stm32l1xx_it.c:279:6:EXTI15_10_IRQHandler	8	static
../Core/Src/stm32l1xx_it.c:295:6:TIM6_IRQHandler	0	static
../Core/Src/stm32l1xx_it.c:348:6:updateVariableSensor	8	static
../Core/Src/stm32l1xx_it.c:371:6:checkVariableSensor	8	static
../Core/Src/stm32l1xx_it.c:380:6:displayTemperature	24	static
../Core/Src/stm32l1xx_it.c:391:6:displayHumidity	24	static
../Core/Src/stm32l1xx_it.c:402:6:displayPressure	24	static
../Core/Src/stm32l1xx_it.c:413:6:displayIndex	32	static
../Core/Src/stm32l1xx_it.c:431:6:settingsAlarmTemperature	32	static
../Core/Src/stm32l1xx_it.c:316:6:HAL_GPIO_EXTI_Callback	16	static
../Core/Src/stm32l1xx_it.c:354:6:displayVariableSensor	0	static
../Core/Src/stm32l1xx_it.c:307:6:HAL_TIM_PeriodElapsedCallback	8	static
