../Drivers/display/display/max7219_Yncrea2.c:112:7:SPI_CS_High	0	static
../Drivers/display/display/max7219_Yncrea2.c:118:7:SPI_CS_Low	0	static
../Drivers/display/display/max7219_Yncrea2.c:364:13:MAX7219_Write	24	static
../Drivers/display/display/max7219_Yncrea2.c:178:6:MAX7219_ShutdownStart	0	static
../Drivers/display/display/max7219_Yncrea2.c:193:6:MAX7219_ShutdownStop	0	static
../Drivers/display/display/max7219_Yncrea2.c:208:6:MAX7219_DisplayTestStart	0	static
../Drivers/display/display/max7219_Yncrea2.c:223:6:MAX7219_DisplayTestStop	0	static
../Drivers/display/display/max7219_Yncrea2.c:238:6:MAX7219_SetBrightness	0	static
../Drivers/display/display/max7219_Yncrea2.c:254:6:MAX7219_Clear	8	static
../Drivers/display/display/max7219_Yncrea2.c:154:6:MAX7219_Init	8	static
../Drivers/display/display/max7219_Yncrea2.c:272:6:MAX7219_DisplayChar	8	static
