../Core/Src/main.c:77:5:main	24	static
../Core/Src/main.c:166:6:SystemClock_Config	80	static
../Core/Src/main.c:210:13:MX_ADC_Init	24	static
../Core/Src/main.c:265:13:MX_SPI1_Init	8	static
../Core/Src/main.c:303:13:MX_TIM3_Init	48	static
../Core/Src/main.c:362:13:MX_TIM6_Init	16	static
../Core/Src/main.c:400:13:MX_USART2_UART_Init	8	static
../Core/Src/main.c:433:13:MX_GPIO_Init	48	static
../Core/Src/main.c:498:5:__io_putchar	16	static
../Core/Src/main.c:504:6:BreatheSequence	24	static
../Core/Src/main.c:526:6:Error_Handler	4	static,ignoring_inline_asm
