../Drivers/BSP/IKS01A3/iks01a3_env_sensors.c:137:9:IKS01A3_ENV_SENSOR_Init	88	static
../Drivers/BSP/IKS01A3/iks01a3_env_sensors.c:584:9:IKS01A3_ENV_SENSOR_DeInit	8	static
../Drivers/BSP/IKS01A3/iks01a3_env_sensors.c:610:9:IKS01A3_ENV_SENSOR_GetCapabilities	8	static
../Drivers/BSP/IKS01A3/iks01a3_env_sensors.c:636:9:IKS01A3_ENV_SENSOR_ReadID	8	static
../Drivers/BSP/IKS01A3/iks01a3_env_sensors.c:662:9:IKS01A3_ENV_SENSOR_Enable	8	static
../Drivers/BSP/IKS01A3/iks01a3_env_sensors.c:698:9:IKS01A3_ENV_SENSOR_Disable	8	static
../Drivers/BSP/IKS01A3/iks01a3_env_sensors.c:735:9:IKS01A3_ENV_SENSOR_GetOutputDataRate	8	static
../Drivers/BSP/IKS01A3/iks01a3_env_sensors.c:772:9:IKS01A3_ENV_SENSOR_SetOutputDataRate	8	static
../Drivers/BSP/IKS01A3/iks01a3_env_sensors.c:809:9:IKS01A3_ENV_SENSOR_GetValue	8	static
