../Drivers/display/max7219_Yncrea2.c:111:7:SPI_CS_High	8	static
../Drivers/display/max7219_Yncrea2.c:117:7:SPI_CS_Low	8	static
../Drivers/display/max7219_Yncrea2.c:153:6:MAX7219_Init	8	static
../Drivers/display/max7219_Yncrea2.c:177:6:MAX7219_ShutdownStart	8	static
../Drivers/display/max7219_Yncrea2.c:192:6:MAX7219_ShutdownStop	8	static
../Drivers/display/max7219_Yncrea2.c:207:6:MAX7219_DisplayTestStart	8	static
../Drivers/display/max7219_Yncrea2.c:222:6:MAX7219_DisplayTestStop	8	static
../Drivers/display/max7219_Yncrea2.c:237:6:MAX7219_SetBrightness	16	static
../Drivers/display/max7219_Yncrea2.c:253:6:MAX7219_Clear	16	static
../Drivers/display/max7219_Yncrea2.c:271:6:MAX7219_DisplayChar	16	static
../Drivers/display/max7219_Yncrea2.c:343:22:MAX7219_LookupCode	24	static
../Drivers/display/max7219_Yncrea2.c:363:13:MAX7219_Write	16	static
../Drivers/display/max7219_Yncrea2.c:396:13:MAX7219_SendByte	16	static
